Component: ARM Compiler 5.06 update 6 (build 750) Tool: armlink [4d35ed]

==============================================================================

Section Cross References

    main.o(i.TIM_LED_Config) refers to stm32f4xx_rcc.o(i.RCC_APB1PeriphClockCmd) for RCC_APB1PeriphClockCmd
    main.o(i.TIM_LED_Config) refers to misc.o(i.NVIC_PriorityGroupConfig) for NVIC_PriorityGroupConfig
    main.o(i.TIM_LED_Config) refers to misc.o(i.NVIC_Init) for NVIC_Init
    main.o(i.TIM_LED_Config) refers to stm32f4_discovery.o(i.STM_EVAL_LEDInit) for STM_EVAL_LEDInit
    main.o(i.TIM_LED_Config) refers to stm32f4xx_tim.o(i.TIM_TimeBaseInit) for TIM_TimeBaseInit
    main.o(i.TIM_LED_Config) refers to stm32f4xx_tim.o(i.TIM_ARRPreloadConfig) for TIM_ARRPreloadConfig
    main.o(i.TIM_LED_Config) refers to stm32f4xx_tim.o(i.TIM_OC1Init) for TIM_OC1Init
    main.o(i.TIM_LED_Config) refers to stm32f4xx_tim.o(i.TIM_OC1PreloadConfig) for TIM_OC1PreloadConfig
    main.o(i.TIM_LED_Config) refers to stm32f4xx_tim.o(i.TIM_ITConfig) for TIM_ITConfig
    main.o(i.TIM_LED_Config) refers to stm32f4xx_tim.o(i.TIM_Cmd) for TIM_Cmd
    main.o(i.TIM_LED_Config) refers to system_stm32f4xx.o(.data) for SystemCoreClock
    main.o(i.TIM_LED_Config) refers to main.o(.data) for .data
    main.o(i.main) refers to stm32f4_discovery.o(i.STM_EVAL_LEDInit) for STM_EVAL_LEDInit
    main.o(i.main) refers to stm32f4_discovery.o(i.STM_EVAL_LEDOn) for STM_EVAL_LEDOn
    main.o(i.main) refers to stm32f4xx_rcc.o(i.RCC_GetClocksFreq) for RCC_GetClocksFreq
    main.o(i.main) refers to main.o(i.TIM_LED_Config) for TIM_LED_Config
    main.o(i.main) refers to stm32f4_discovery.o(i.STM_EVAL_PBInit) for STM_EVAL_PBInit
    main.o(i.main) refers to usbh_core.o(i.USBH_Init) for USBH_Init
    main.o(i.main) refers to usbh_core.o(i.USBH_Process) for USBH_Process
    main.o(i.main) refers to main.o(.bss) for .bss
    main.o(i.main) refers to main.o(.data) for .data
    main.o(i.main) refers to stm32f4xx_it.o(.data) for LED_Toggle
    main.o(i.main) refers to usbh_usr.o(.data) for USR_Callbacks
    main.o(i.main) refers to usbh_msc_core.o(.data) for USBH_MSC_cb
    stm32f4xx_it.o(i.EXTI0_IRQHandler) refers to stm32f4xx_exti.o(i.EXTI_GetITStatus) for EXTI_GetITStatus
    stm32f4xx_it.o(i.EXTI0_IRQHandler) refers to stm32f4xx_exti.o(i.EXTI_ClearITPendingBit) for EXTI_ClearITPendingBit
    stm32f4xx_it.o(i.EXTI0_IRQHandler) refers to stm32f4_discovery_audio_codec.o(i.EVAL_AUDIO_Stop) for EVAL_AUDIO_Stop
    stm32f4xx_it.o(i.EXTI0_IRQHandler) refers to usbh_usr.o(.data) for Command_index
    stm32f4xx_it.o(i.EXTI0_IRQHandler) refers to main.o(.data) for RepeatState
    stm32f4xx_it.o(i.EXTI0_IRQHandler) refers to waveplayer.o(.data) for XferCplt
    stm32f4xx_it.o(i.EXTI1_IRQHandler) refers to stm32f4xx_exti.o(i.EXTI_GetITStatus) for EXTI_GetITStatus
    stm32f4xx_it.o(i.EXTI1_IRQHandler) refers to stm32f4xx_exti.o(i.EXTI_ClearITPendingBit) for EXTI_ClearITPendingBit
    stm32f4xx_it.o(i.EXTI1_IRQHandler) refers to stm32f4xx_it.o(.data) for .data
    stm32f4xx_it.o(i.OTG_FS_IRQHandler) refers to usb_hcd_int.o(i.USBH_OTG_ISR_Handler) for USBH_OTG_ISR_Handler
    stm32f4xx_it.o(i.OTG_FS_IRQHandler) refers to main.o(.bss) for USB_OTG_Core
    stm32f4xx_it.o(i.SysTick_Handler) refers to waveplayer.o(i.TimingDelay_Decrement) for TimingDelay_Decrement
    stm32f4xx_it.o(i.SysTick_Handler) refers to usbh_usr.o(.data) for Command_index
    stm32f4xx_it.o(i.SysTick_Handler) refers to stm32f4xx_it.o(.data) for .data
    stm32f4xx_it.o(i.TIM2_IRQHandler) refers to usb_bsp.o(i.USB_OTG_BSP_TimerIRQ) for USB_OTG_BSP_TimerIRQ
    stm32f4xx_it.o(i.TIM4_IRQHandler) refers to stm32f4_discovery_lis302dl.o(i.LIS302DL_Read) for LIS302DL_Read
    stm32f4xx_it.o(i.TIM4_IRQHandler) refers to stm32f4xx_tim.o(i.TIM_GetITStatus) for TIM_GetITStatus
    stm32f4xx_it.o(i.TIM4_IRQHandler) refers to stm32f4xx_tim.o(i.TIM_ClearITPendingBit) for TIM_ClearITPendingBit
    stm32f4xx_it.o(i.TIM4_IRQHandler) refers to stm32f4_discovery.o(i.STM_EVAL_LEDToggle) for STM_EVAL_LEDToggle
    stm32f4xx_it.o(i.TIM4_IRQHandler) refers to stm32f4_discovery.o(i.STM_EVAL_LEDOff) for STM_EVAL_LEDOff
    stm32f4xx_it.o(i.TIM4_IRQHandler) refers to stm32f4_discovery.o(i.STM_EVAL_LEDOn) for STM_EVAL_LEDOn
    stm32f4xx_it.o(i.TIM4_IRQHandler) refers to stm32f4xx_tim.o(i.TIM_GetCapture1) for TIM_GetCapture1
    stm32f4xx_it.o(i.TIM4_IRQHandler) refers to stm32f4xx_tim.o(i.TIM_SetCompare1) for TIM_SetCompare1
    stm32f4xx_it.o(i.TIM4_IRQHandler) refers to waveplayer.o(.data) for AudioPlayStart
    stm32f4xx_it.o(i.TIM4_IRQHandler) refers to waveplayer.o(.data) for Buffer
    stm32f4xx_it.o(i.TIM4_IRQHandler) refers to stm32f4xx_it.o(.data) for .data
    stm32f4xx_it.o(i.TIM4_IRQHandler) refers to main.o(.data) for CCR_Val
    system_stm32f4xx.o(i.SystemCoreClockUpdate) refers to system_stm32f4xx.o(.data) for .data
    system_stm32f4xx.o(i.SystemInit) refers to system_stm32f4xx.o(i.SetSysClock) for SetSysClock
[...]
    .data                                    0x20000148   Section       16  usbh_msc_core.o(.data)
    .data                                    0x20000158   Section        1  usbh_msc_fatfs.o(.data)
    Stat                                     0x20000158   Data           1  usbh_msc_fatfs.o(.data)
    .data                                    0x2000015c   Section       16  usbh_core.o(.data)
    timeout                                  0x2000015c   Data           2  usbh_core.o(.data)
    .data                                    0x2000016c   Section        8  ff.o(.data)
    Fsid                                     0x2000016c   Data           2  ff.o(.data)
    FatFs                                    0x20000170   Data           4  ff.o(.data)
    .data                                    0x20000174   Section      772  pdm_filter.o(.data)
    .bss                                     0x20000478   Section     1348  main.o(.bss)
    .bss                                     0x200009bc   Section     1072  usbh_usr.o(.bss)
    .bss                                     0x20000dec   Section     1060  usbh_usr.o(.bss)
    .bss                                     0x20001210   Section     1060  usbh_usr.o(.bss)
    .bss                                     0x20001634   Section       28  usbh_usr.o(.bss)
    .bss                                     0x20001650   Section     4120  waveplayer.o(.bss)
    .bss                                     0x20002668   Section     6756  waverecorder.o(.bss)
    InternalBuffer                           0x2000404c   Data         128  waverecorder.o(.bss)
    .bss                                     0x200040cc   Section       60  stm32f4_discovery_audio_codec.o(.bss)
    .bss                                     0x20004108   Section      528  usbh_msc_scsi.o(.bss)
    .bss                                     0x20004318   Section       64  usbh_msc_bot.o(.bss)
    .bss                                     0x20004358   Section       74  usbh_msc_core.o(.bss)
    STACK                                    0x200043a8   Section     1024  startup_stm32f4xx.o(STACK)

    Global Symbols

    Symbol Name                              Value     Ov Type        Size  Object(Section)

    BuildAttributes$$THM_ISAv4$E$P$D$K$B$S$7EM$PE$A:L22UL41UL21$X:L11$S22US41US21$IEEE1$IW$USESV6$~STKCKD$USESV7$~SHL$OSPACE$ROPI$EBA8$MICROLIB$REQ8$PRES8$EABIv2 0x00000000   Number         0  anon$$obj.o ABSOLUTE
    __ARM_use_no_argv                        0x00000000   Number         0  main.o ABSOLUTE
    __cpp_initialize__aeabi_                  - Undefined Weak Reference
    __cxa_finalize                            - Undefined Weak Reference
    _clock_init                               - Undefined Weak Reference
    _microlib_exit                            - Undefined Weak Reference
    __Vectors_Size                           0x00000188   Number         0  startup_stm32f4xx.o ABSOLUTE
    __Vectors                                0x08000000   Data           4  startup_stm32f4xx.o(RESET)
    __Vectors_End                            0x08000188   Data           0  startup_stm32f4xx.o(RESET)
    __main                                   0x08000189   Thumb Code     0  entry.o(.ARM.Collect$$$$00000000)
    _main_stk                                0x08000189   Thumb Code     0  entry2.o(.ARM.Collect$$$$00000001)
    _main_scatterload                        0x0800018d   Thumb Code     0  entry5.o(.ARM.Collect$$$$00000004)
    __main_after_scatterload                 0x08000191   Thumb Code     0  entry5.o(.ARM.Collect$$$$00000004)
    _main_clock                              0x08000191   Thumb Code     0  entry7b.o(.ARM.Collect$$$$00000008)
    _main_cpp_init                           0x08000191   Thumb Code     0  entry8b.o(.ARM.Collect$$$$0000000A)
    _main_init                               0x08000191   Thumb Code     0  entry9a.o(.ARM.Collect$$$$0000000B)
    __rt_final_cpp                           0x08000199   Thumb Code     0  entry10a.o(.ARM.Collect$$$$0000000D)
    __rt_final_exit                          0x08000199   Thumb Code     0  entry11a.o(.ARM.Collect$$$$0000000F)
    Reset_Handler                            0x0800019d   Thumb Code     8  startup_stm32f4xx.o(.text)
    ADC_IRQHandler                           0x080001b7   Thumb Code     0  startup_stm32f4xx.o(.text)
    CAN1_RX0_IRQHandler                      0x080001b7   Thumb Code     0  startup_stm32f4xx.o(.text)
    CAN1_RX1_IRQHandler                      0x080001b7   Thumb Code     0  startup_stm32f4xx.o(.text)
    CAN1_SCE_IRQHandler                      0x080001b7   Thumb Code     0  startup_stm32f4xx.o(.text)
    CAN1_TX_IRQHandler                       0x080001b7   Thumb Code     0  startup_stm32f4xx.o(.text)
    CAN2_RX0_IRQHandler                      0x080001b7   Thumb Code     0  startup_stm32f4xx.o(.text)
    CAN2_RX1_IRQHandler                      0x080001b7   Thumb Code     0  startup_stm32f4xx.o(.text)
    CAN2_SCE_IRQHandler                      0x080001b7   Thumb Code     0  startup_stm32f4xx.o(.text)
    CAN2_TX_IRQHandler                       0x080001b7   Thumb Code     0  startup_stm32f4xx.o(.text)
    CRYP_IRQHandler                          0x080001b7   Thumb Code     0  startup_stm32f4xx.o(.text)
    DCMI_IRQHandler                          0x080001b7   Thumb Code     0  startup_stm32f4xx.o(.text)
    DMA1_Stream1_IRQHandler                  0x080001b7   Thumb Code     0  startup_stm32f4xx.o(.text)
    DMA1_Stream2_IRQHandler                  0x080001b7   Thumb Code     0  startup_stm32f4xx.o(.text)
    DMA1_Stream3_IRQHandler                  0x080001b7   Thumb Code     0  startup_stm32f4xx.o(.text)
    DMA1_Stream4_IRQHandler                  0x080001b7   Thumb Code     0  startup_stm32f4xx.o(.text)
    DMA1_Stream5_IRQHandler                  0x080001b7   Thumb Code     0  startup_stm32f4xx.o(.text)
    DMA1_Stream6_IRQHandler                  0x080001b7   Thumb Code     0  startup_stm32f4xx.o(.text)
    DMA2_Stream0_IRQHandler                  0x080001b7   Thumb Code     0  startup_stm32f4xx.o(.text)
    DMA2_Stream1_IRQHandler                  0x080001b7   Thumb Code     0  startup_stm32f4xx.o(.text)
    DMA2_Stream2_IRQHandler                  0x080001b7   Thumb Code     0  startup_stm32f4xx.o(.text)
    DMA2_Stream3_IRQHandler                  0x080001b7   Thumb Code     0  startup_stm32f4xx.o(.text)
    DMA2_Stream4_IRQHandler                  0x080001b7   Thumb Code     0  startup_stm32f4xx.o(.text)
    DMA2_Stream5_IRQHandler                  0x080001b7   Thumb Code     0  startup_stm32f4xx.o(.text)
    DMA2_Stream6_IRQHandler                  0x080001b7   Thumb Code     0  startup_stm32f4xx.o(.text)
    DMA2_Stream7_IRQHandler                  0x080001b7   Thumb Code     0  startup_stm32f4xx.o(.text)
    ETH_IRQHandler                           0x080001b7   Thumb Code     0  startup_stm32f4xx.o(.text)
    ETH_WKUP_IRQHandler                      0x080001b7   Thumb Code     0  startup_stm32f4xx.o(.text)
    EXTI15_10_IRQHandler                     0x080001b7   Thumb Code     0  startup_stm32f4xx.o(.text)
    EXTI2_IRQHandler                         0x080001b7   Thumb Code     0  startup_stm32f4xx.o(.text)
    EXTI3_IRQHandler                         0x080001b7   Thumb Code     0  startup_stm32f4xx.o(.text)
    EXTI4_IRQHandler                         0x080001b7   Thumb Code     0  startup_stm32f4xx.o(.text)
    EXTI9_5_IRQHandler                       0x080001b7   Thumb Code     0  startup_stm32f4xx.o(.text)
    FLASH_IRQHandler                         0x080001b7   Thumb Code     0  startup_stm32f4xx.o(.text)
    FPU_IRQHandler                           0x080001b7   Thumb Code     0  startup_stm32f4xx.o(.text)
    FSMC_IRQHandler                          0x080001b7   Thumb Code     0  startup_stm32f4xx.o(.text)
    HASH_RNG_IRQHandler                      0x080001b7   Thumb Code     0  startup_stm32f4xx.o(.text)
    I2C1_ER_IRQHandler                       0x080001b7   Thumb Code     0  startup_stm32f4xx.o(.text)
    I2C1_EV_IRQHandler                       0x080001b7   Thumb Code     0  startup_stm32f4xx.o(.text)
    I2C2_ER_IRQHandler                       0x080001b7   Thumb Code     0  startup_stm32f4xx.o(.text)
    I2C2_EV_IRQHandler                       0x080001b7   Thumb Code     0  startup_stm32f4xx.o(.text)
    I2C3_ER_IRQHandler                       0x080001b7   Thumb Code     0  startup_stm32f4xx.o(.text)
    I2C3_EV_IRQHandler                       0x080001b7   Thumb Code     0  startup_stm32f4xx.o(.text)
    OTG_FS_WKUP_IRQHandler                   0x080001b7   Thumb Code     0  startup_stm32f4xx.o(.text)
    OTG_HS_EP1_IN_IRQHandler                 0x080001b7   Thumb Code     0  startup_stm32f4xx.o(.text)
    OTG_HS_EP1_OUT_IRQHandler                0x080001b7   Thumb Code     0  startup_stm32f4xx.o(.text)
    OTG_HS_IRQHandler                        0x080001b7   Thumb Code     0  startup_stm32f4xx.o(.text)
    OTG_HS_WKUP_IRQHandler                   0x080001b7   Thumb Code     0  startup_stm32f4xx.o(.text)
    PVD_IRQHandler                           0x080001b7   Thumb Code     0  startup_stm32f4xx.o(.text)
    RCC_IRQHandler                           0x080001b7   Thumb Code     0  startup_stm32f4xx.o(.text)
    RTC_Alarm_IRQHandler                     0x080001b7   Thumb Code     0  startup_stm32f4xx.o(.text)
    RTC_WKUP_IRQHandler                      0x080001b7   Thumb Code     0  startup_stm32f4xx.o(.text)
    SDIO_IRQHandler                          0x080001b7   Thumb Code     0  startup_stm32f4xx.o(.text)
    SPI1_IRQHandler                          0x080001b7   Thumb Code     0  startup_stm32f4xx.o(.text)
    TAMP_STAMP_IRQHandler                    0x080001b7   Thumb Code     0  startup_stm32f4xx.o(.text)
    TIM1_BRK_TIM9_IRQHandler                 0x080001b7   Thumb Code     0  startup_stm32f4xx.o(.text)
    TIM1_CC_IRQHandler                       0x080001b7   Thumb Code     0  startup_stm32f4xx.o(.text)
    TIM1_TRG_COM_TIM11_IRQHandler            0x080001b7   Thumb Code     0  startup_stm32f4xx.o(.text)
    TIM1_UP_TIM10_IRQHandler                 0x080001b7   Thumb Code     0  startup_stm32f4xx.o(.text)
    TIM3_IRQHandler                          0x080001b7   Thumb Code     0  startup_stm32f4xx.o(.text)
    TIM5_IRQHandler                          0x080001b7   Thumb Code     0  startup_stm32f4xx.o(.text)
    TIM6_DAC_IRQHandler                      0x080001b7   Thumb Code     0  startup_stm32f4xx.o(.text)
    TIM7_IRQHandler                          0x080001b7   Thumb Code     0  startup_stm32f4xx.o(.text)
    TIM8_BRK_TIM12_IRQHandler                0x080001b7   Thumb Code     0  startup_stm32f4xx.o(.text)
    TIM8_CC_IRQHandler                       0x080001b7   Thumb Code     0  startup_stm32f4xx.o(.text)
    TIM8_TRG_COM_TIM14_IRQHandler            0x080001b7   Thumb Code     0  startup_stm32f4xx.o(.text)
    TIM8_UP_TIM13_IRQHandler                 0x080001b7   Thumb Code     0  startup_stm32f4xx.o(.text)
    UART4_IRQHandler                         0x080001b7   Thumb Code     0  startup_stm32f4xx.o(.text)
    UART5_IRQHandler                         0x080001b7   Thumb Code     0  startup_stm32f4xx.o(.text)
    USART1_IRQHandler                        0x080001b7   Thumb Code     0  startup_stm32f4xx.o(.text)
    USART2_IRQHandler                        0x080001b7   Thumb Code     0  startup_stm32f4xx.o(.text)
    USART3_IRQHandler                        0x080001b7   Thumb Code     0  startup_stm32f4xx.o(.text)
    USART6_IRQHandler                        0x080001b7   Thumb Code     0  startup_stm32f4xx.o(.text)
    WWDG_IRQHandler                          0x080001b7   Thumb Code     0  startup_stm32f4xx.o(.text)
    PDM_Filter_Init                          0x080001c1   Thumb Code   222  pdm_filter.o(.text)
    PDM_Filter_64_LSB                        0x0800029f   Thumb Code   660  pdm_filter.o(.text)
    PDM_Filter_80_LSB                        0x08000533   Thumb Code   692  pdm_filter.o(.text)
    PDM_Filter_64_MSB                        0x080007e7   Thumb Code   658  pdm_filter.o(.text)
    PDM_Filter_80_MSB                        0x08000a79   Thumb Code   830  pdm_filter.o(.text)
    __ARM_scalbnf                            0x08000dbd   Thumb Code    24  fscalb.o(.text)
    scalbnf                                  0x08000dbd   Thumb Code     0  fscalb.o(.text)
    __aeabi_dadd                             0x08000dd5   Thumb Code   322  dadd.o(.text)
    __aeabi_dsub                             0x08000f17   Thumb Code     6  dadd.o(.text)
    __aeabi_drsub                            0x08000f1d   Thumb Code     6  dadd.o(.text)
    __aeabi_dmul                             0x08000f23   Thumb Code   228  dmul.o(.text)
    __aeabi_ddiv                             0x08001007   Thumb Code   222  ddiv.o(.text)
    __aeabi_ui2d                             0x080010e5   Thumb Code    26  dfltui.o(.text)
    __aeabi_d2uiz                            0x080010ff   Thumb Code    50  dfixui.o(.text)
    __aeabi_f2d                              0x08001131   Thumb Code    38  f2d.o(.text)
    __aeabi_llsl                             0x08001157   Thumb Code    30  llshl.o(.text)
    _ll_shift_l                              0x08001157   Thumb Code     0  llshl.o(.text)
    __aeabi_llsr                             0x08001175   Thumb Code    32  llushr.o(.text)
    _ll_ushift_r                             0x08001175   Thumb Code     0  llushr.o(.text)
    __aeabi_lasr                             0x08001195   Thumb Code    36  llsshr.o(.text)
    _ll_sshift_r                             0x08001195   Thumb Code     0  llsshr.o(.text)
    __I$use$fp                               0x080011b9   Thumb Code     0  iusefp.o(.text)
    _double_round                            0x080011b9   Thumb Code    30  depilogue.o(.text)
    _double_epilogue                         0x080011d7   Thumb Code   156  depilogue.o(.text)
    __scatterload                            0x08001275   Thumb Code    28  init.o(.text)
    __scatterload_rt2                        0x08001275   Thumb Code     0  init.o(.text)
    __decompress                             0x08001299   Thumb Code     0  __dczerorl2.o(.text)
    __decompress1                            0x08001299   Thumb Code    86  __dczerorl2.o(.text)
    Audio_MAL_Play                           0x08001459   Thumb Code    66  stm32f4_discovery_audio_codec.o(i.Audio_MAL_Play)
    BusFault_Handler                         0x08001537   Thumb Code     2  stm32f4xx_it.o(i.BusFault_Handler)
    COMMAND_AudioExecuteApplication          0x08001539   Thumb Code    32  usbh_usr.o(i.COMMAND_AudioExecuteApplication)
    Codec_TIMEOUT_UserCallback               0x080019b5   Thumb Code     4  waveplayer.o(i.Codec_TIMEOUT_UserCallback)
    DAC_Cmd                                  0x08001add   Thumb Code    20  stm32f4xx_dac.o(i.DAC_Cmd)
    DAC_Config                               0x08001af5   Thumb Code    70  stm32f4_discovery_audio_codec.o(i.DAC_Config)
    DAC_Init                                 0x08001b45   Thumb Code    36  stm32f4xx_dac.o(i.DAC_Init)
    DAC_SetChannel1Data                      0x08001b6d   Thumb Code    14  stm32f4xx_dac.o(i.DAC_SetChannel1Data)
    DMA1_Stream0_IRQHandler                  0x08001b81   Thumb Code     4  stm32f4_discovery_audio_codec.o(i.DMA1_Stream0_IRQHandler)
    DMA1_Stream7_IRQHandler                  0x08001b85   Thumb Code     4  stm32f4_discovery_audio_codec.o(i.DMA1_Stream7_IRQHandler)
    DMA_ClearFlag                            0x08001b89   Thumb Code    32  stm32f4xx_dma.o(i.DMA_ClearFlag)
    DMA_Cmd                                  0x08001bb5   Thumb Code    20  stm32f4xx_dma.o(i.DMA_Cmd)
    DMA_DeInit                               0x08001bc9   Thumb Code   272  stm32f4xx_dma.o(i.DMA_DeInit)
    DMA_GetCmdStatus                         0x08001ced   Thumb Code    14  stm32f4xx_dma.o(i.DMA_GetCmdStatus)
    DMA_GetFlagStatus                        0x08001cfd   Thumb Code    40  stm32f4xx_dma.o(i.DMA_GetFlagStatus)
    DMA_ITConfig                             0x08001d31   Thumb Code    44  stm32f4xx_dma.o(i.DMA_ITConfig)
    DMA_Init                                 0x08001d5d   Thumb Code    80  stm32f4xx_dma.o(i.DMA_Init)
    DebugMon_Handler                         0x08001db1   Thumb Code     2  stm32f4xx_it.o(i.DebugMon_Handler)
    Delay                                    0x08001db5   Thumb Code    16  waveplayer.o(i.Delay)
    EVAL_AUDIO_GetSampleCallBack             0x08001dd9   Thumb Code     4  waveplayer.o(i.EVAL_AUDIO_GetSampleCallBack)
    EVAL_AUDIO_Init                          0x08001ddd   Thumb Code    40  stm32f4_discovery_audio_codec.o(i.EVAL_AUDIO_Init)
    EVAL_AUDIO_PauseResume                   0x08001e05   Thumb Code   122  stm32f4_discovery_audio_codec.o(i.EVAL_AUDIO_PauseResume)
    EVAL_AUDIO_SetAudioInterface             0x08001e89   Thumb Code   114  stm32f4_discovery_audio_codec.o(i.EVAL_AUDIO_SetAudioInterface)
    EVAL_AUDIO_Stop                          0x08001f15   Thumb Code   106  stm32f4_discovery_audio_codec.o(i.EVAL_AUDIO_Stop)
    EVAL_AUDIO_TransferComplete_CallBack     0x08001f8d   Thumb Code    32  waveplayer.o(i.EVAL_AUDIO_TransferComplete_CallBack)
    EXTI0_IRQHandler                         0x08001fb1   Thumb Code    56  stm32f4xx_it.o(i.EXTI0_IRQHandler)
    EXTI1_IRQHandler                         0x08001ff5   Thumb Code    46  stm32f4xx_it.o(i.EXTI1_IRQHandler)
    EXTI_ClearITPendingBit                   0x0800209d   Thumb Code     6  stm32f4xx_exti.o(i.EXTI_ClearITPendingBit)
    EXTI_GetITStatus                         0x080020a9   Thumb Code    28  stm32f4xx_exti.o(i.EXTI_GetITStatus)
    EXTI_Init                                0x080020c9   Thumb Code   108  stm32f4xx_exti.o(i.EXTI_Init)
    GPIO_Init                                0x08002139   Thumb Code   162  stm32f4xx_gpio.o(i.GPIO_Init)
    GPIO_PinAFConfig                         0x080021db   Thumb Code    32  stm32f4xx_gpio.o(i.GPIO_PinAFConfig)
    GPIO_ResetBits                           0x080021fb   Thumb Code     4  stm32f4xx_gpio.o(i.GPIO_ResetBits)
    GPIO_SetBits                             0x080021ff   Thumb Code     4  stm32f4xx_gpio.o(i.GPIO_SetBits)
    GPIO_WriteBit                            0x08002203   Thumb Code    10  stm32f4xx_gpio.o(i.GPIO_WriteBit)
    HCD_GetCurrentFrame                      0x0800220d   Thumb Code     8  usb_hcd.o(i.HCD_GetCurrentFrame)
    HCD_GetCurrentSpeed                      0x08002215   Thumb Code    12  usb_hcd.o(i.HCD_GetCurrentSpeed)
    HCD_GetURB_State                         0x08002221   Thumb Code     8  usb_hcd.o(i.HCD_GetURB_State)
    HCD_GetXferCnt                           0x08002229   Thumb Code    10  usb_hcd.o(i.HCD_GetXferCnt)
    HCD_Init                                 0x08002233   Thumb Code    86  usb_hcd.o(i.HCD_Init)
    HCD_IsDeviceConnected                    0x08002289   Thumb Code     6  usb_hcd.o(i.HCD_IsDeviceConnected)
    HCD_ResetPort                            0x0800228f   Thumb Code    10  usb_hcd.o(i.HCD_ResetPort)
    HCD_SubmitRequest                        0x08002299   Thumb Code    20  usb_hcd.o(i.HCD_SubmitRequest)
    HardFault_Handler                        0x080022ad   Thumb Code     2  stm32f4xx_it.o(i.HardFault_Handler)
    I2C_AcknowledgeConfig                    0x080022af   Thumb Code    20  stm32f4xx_i2c.o(i.I2C_AcknowledgeConfig)
    I2C_CheckEvent                           0x080022c3   Thumb Code    24  stm32f4xx_i2c.o(i.I2C_CheckEvent)
    I2C_ClearFlag                            0x080022db   Thumb Code     6  stm32f4xx_i2c.o(i.I2C_ClearFlag)
    I2C_Cmd                                  0x080022e1   Thumb Code    20  stm32f4xx_i2c.o(i.I2C_Cmd)
    I2C_DeInit                               0x080022f5   Thumb Code    56  stm32f4xx_i2c.o(i.I2C_DeInit)
    I2C_GenerateSTART                        0x08002339   Thumb Code    20  stm32f4xx_i2c.o(i.I2C_GenerateSTART)
    I2C_GenerateSTOP                         0x0800234d   Thumb Code    20  stm32f4xx_i2c.o(i.I2C_GenerateSTOP)
    I2C_GetFlagStatus                        0x08002361   Thumb Code    42  stm32f4xx_i2c.o(i.I2C_GetFlagStatus)
    I2C_Init                                 0x0800238d   Thumb Code   174  stm32f4xx_i2c.o(i.I2C_Init)
    I2C_ReceiveData                          0x08002445   Thumb Code     6  stm32f4xx_i2c.o(i.I2C_ReceiveData)
    I2C_Send7bitAddress                      0x0800244b   Thumb Code    16  stm32f4xx_i2c.o(i.I2C_Send7bitAddress)
    I2C_SendData                             0x0800245b   Thumb Code     4  stm32f4xx_i2c.o(i.I2C_SendData)
    I2S_Cmd                                  0x0800245f   Thumb Code    20  stm32f4xx_spi.o(i.I2S_Cmd)
    I2S_Init                                 0x08002475   Thumb Code   190  stm32f4xx_spi.o(i.I2S_Init)
    LIS302DL_Init                            0x0800253d   Thumb Code    48  stm32f4_discovery_lis302dl.o(i.LIS302DL_Init)
    LIS302DL_InterruptConfig                 0x0800256d   Thumb Code    46  stm32f4_discovery_lis302dl.o(i.LIS302DL_InterruptConfig)
    LIS302DL_Read                            0x080026bd   Thumb Code    70  stm32f4_discovery_lis302dl.o(i.LIS302DL_Read)
    LIS302DL_TIMEOUT_UserCallback            0x08002769   Thumb Code     2  waveplayer.o(i.LIS302DL_TIMEOUT_UserCallback)
    LIS302DL_Write                           0x0800276d   Thumb Code    64  stm32f4_discovery_lis302dl.o(i.LIS302DL_Write)
    MemManage_Handler                        0x080027b1   Thumb Code     2  stm32f4xx_it.o(i.MemManage_Handler)
    NMI_Handler                              0x0800286f   Thumb Code     2  stm32f4xx_it.o(i.NMI_Handler)
    NVIC_Init                                0x08002871   Thumb Code    96  misc.o(i.NVIC_Init)
    NVIC_PriorityGroupConfig                 0x080028d5   Thumb Code    10  misc.o(i.NVIC_PriorityGroupConfig)
    NVIC_SetVectorTable                      0x080028e9   Thumb Code    12  misc.o(i.NVIC_SetVectorTable)
    OTG_FS_IRQHandler                        0x080028fd   Thumb Code     6  stm32f4xx_it.o(i.OTG_FS_IRQHandler)
    PendSV_Handler                           0x08002909   Thumb Code     2  stm32f4xx_it.o(i.PendSV_Handler)
    RCC_AHB1PeriphClockCmd                   0x0800290d   Thumb Code    18  stm32f4xx_rcc.o(i.RCC_AHB1PeriphClockCmd)
    RCC_AHB2PeriphClockCmd                   0x08002925   Thumb Code    18  stm32f4xx_rcc.o(i.RCC_AHB2PeriphClockCmd)
    RCC_APB1PeriphClockCmd                   0x0800293d   Thumb Code    18  stm32f4xx_rcc.o(i.RCC_APB1PeriphClockCmd)
    RCC_APB1PeriphResetCmd                   0x08002955   Thumb Code    18  stm32f4xx_rcc.o(i.RCC_APB1PeriphResetCmd)
    RCC_APB2PeriphClockCmd                   0x0800296d   Thumb Code    18  stm32f4xx_rcc.o(i.RCC_APB2PeriphClockCmd)
    RCC_APB2PeriphResetCmd                   0x08002985   Thumb Code    18  stm32f4xx_rcc.o(i.RCC_APB2PeriphResetCmd)
    RCC_GetClocksFreq                        0x0800299d   Thumb Code   132  stm32f4xx_rcc.o(i.RCC_GetClocksFreq)
    ReadUnit                                 0x08002a2d   Thumb Code    34  waveplayer.o(i.ReadUnit)
    SPI2_IRQHandler                          0x08002a51   Thumb Code    64  waverecorder.o(i.SPI2_IRQHandler)
    SPI3_IRQHandler                          0x08002aa1   Thumb Code    54  stm32f4_discovery_audio_codec.o(i.SPI3_IRQHandler)
    SPI_Cmd                                  0x08002ae1   Thumb Code    20  stm32f4xx_spi.o(i.SPI_Cmd)
    SPI_I2S_DMACmd                           0x08002af5   Thumb Code    16  stm32f4xx_spi.o(i.SPI_I2S_DMACmd)
    SPI_I2S_DeInit                           0x08002b05   Thumb Code    72  stm32f4xx_spi.o(i.SPI_I2S_DeInit)
    SPI_I2S_GetFlagStatus                    0x08002b59   Thumb Code    14  stm32f4xx_spi.o(i.SPI_I2S_GetFlagStatus)
    SPI_I2S_GetITStatus                      0x08002b67   Thumb Code    42  stm32f4xx_spi.o(i.SPI_I2S_GetITStatus)
    SPI_I2S_ITConfig                         0x08002b91   Thumb Code    24  stm32f4xx_spi.o(i.SPI_I2S_ITConfig)
    SPI_I2S_ReceiveData                      0x08002ba9   Thumb Code     4  stm32f4xx_spi.o(i.SPI_I2S_ReceiveData)
    SPI_I2S_SendData                         0x08002bad   Thumb Code     4  stm32f4xx_spi.o(i.SPI_I2S_SendData)
    SPI_Init                                 0x08002bb1   Thumb Code    56  stm32f4xx_spi.o(i.SPI_Init)
    STM_EVAL_LEDInit                         0x08002be9   Thumb Code    62  stm32f4_discovery.o(i.STM_EVAL_LEDInit)
    STM_EVAL_LEDOff                          0x08002c31   Thumb Code    16  stm32f4_discovery.o(i.STM_EVAL_LEDOff)
    STM_EVAL_LEDOn                           0x08002c49   Thumb Code    16  stm32f4_discovery.o(i.STM_EVAL_LEDOn)
    STM_EVAL_LEDToggle                       0x08002c61   Thumb Code    20  stm32f4_discovery.o(i.STM_EVAL_LEDToggle)
    STM_EVAL_PBInit                          0x08002c7d   Thumb Code   144  stm32f4_discovery.o(i.STM_EVAL_PBInit)
    SVC_Handler                              0x08002d15   Thumb Code     2  stm32f4xx_it.o(i.SVC_Handler)
    SYSCFG_EXTILineConfig                    0x08002d19   Thumb Code    42  stm32f4xx_syscfg.o(i.SYSCFG_EXTILineConfig)
    SysTick_Handler                          0x08002e21   Thumb Code    24  stm32f4xx_it.o(i.SysTick_Handler)
    SystemInit                               0x08002e41   Thumb Code    62  system_stm32f4xx.o(i.SystemInit)
    TIM2_IRQHandler                          0x08002e91   Thumb Code     4  stm32f4xx_it.o(i.TIM2_IRQHandler)
    TIM4_IRQHandler                          0x08002e95   Thumb Code   196  stm32f4xx_it.o(i.TIM4_IRQHandler)
    TIM_ARRPreloadConfig                     0x08002f6d   Thumb Code    20  stm32f4xx_tim.o(i.TIM_ARRPreloadConfig)
    TIM_ClearITPendingBit                    0x08002f81   Thumb Code     6  stm32f4xx_tim.o(i.TIM_ClearITPendingBit)
    TIM_Cmd                                  0x08002f87   Thumb Code    20  stm32f4xx_tim.o(i.TIM_Cmd)
    TIM_GetCapture1                          0x08002f9b   Thumb Code     4  stm32f4xx_tim.o(i.TIM_GetCapture1)
    TIM_GetITStatus                          0x08002f9f   Thumb Code    24  stm32f4xx_tim.o(i.TIM_GetITStatus)
    TIM_ITConfig                             0x08002fb7   Thumb Code    16  stm32f4xx_tim.o(i.TIM_ITConfig)
    TIM_OC1Init                              0x08003085   Thumb Code    88  stm32f4xx_tim.o(i.TIM_OC1Init)
    TIM_OC1PreloadConfig                     0x080030e5   Thumb Code    12  stm32f4xx_tim.o(i.TIM_OC1PreloadConfig)
    TIM_SetCompare1                          0x080030f1   Thumb Code     4  stm32f4xx_tim.o(i.TIM_SetCompare1)
    TIM_TimeBaseInit                         0x080030f5   Thumb Code    96  stm32f4xx_tim.o(i.TIM_TimeBaseInit)
    TimingDelay_Decrement                    0x08003171   Thumb Code    16  waveplayer.o(i.TimingDelay_Decrement)
    USBH_Alloc_Channel                       0x08003185   Thumb Code    52  usbh_hcs.o(i.USBH_Alloc_Channel)
    USBH_BulkReceiveData                     0x080031b9   Thumb Code    38  usbh_ioreq.o(i.USBH_BulkReceiveData)
    USBH_BulkSendData                        0x080031df   Thumb Code    40  usbh_ioreq.o(i.USBH_BulkSendData)
    USBH_ClrFeature                          0x08003207   Thumb Code    46  usbh_stdreq.o(i.USBH_ClrFeature)
    USBH_Connect                             0x08003235   Thumb Code    18  usbh_core.o(i.USBH_Connect)
    USBH_CtlReceiveData                      0x08003247   Thumb Code    32  usbh_ioreq.o(i.USBH_CtlReceiveData)
    USBH_CtlReq                              0x08003267   Thumb Code    80  usbh_ioreq.o(i.USBH_CtlReq)
    USBH_CtlSendData                         0x080032b7   Thumb Code    54  usbh_ioreq.o(i.USBH_CtlSendData)
    USBH_CtlSendSetup                        0x080032ed   Thumb Code    38  usbh_ioreq.o(i.USBH_CtlSendSetup)
    USBH_DeAllocate_AllChannel               0x08003313   Thumb Code    24  usbh_hcs.o(i.USBH_DeAllocate_AllChannel)
    USBH_DeInit                              0x0800332b   Thumb Code    52  usbh_core.o(i.USBH_DeInit)
    USBH_Disconnect                          0x0800335f   Thumb Code    18  usbh_core.o(i.USBH_Disconnect)
    USBH_ErrorHandle                         0x08003371   Thumb Code    44  usbh_core.o(i.USBH_ErrorHandle)
    USBH_Free_Channel                        0x0800339d   Thumb Code    24  usbh_hcs.o(i.USBH_Free_Channel)
    USBH_GetDescriptor                       0x080033b5   Thumb Code    48  usbh_stdreq.o(i.USBH_GetDescriptor)
    USBH_Get_CfgDesc                         0x080033f3   Thumb Code    58  usbh_stdreq.o(i.USBH_Get_CfgDesc)
    USBH_Get_DevDesc                         0x0800342d   Thumb Code   156  usbh_stdreq.o(i.USBH_Get_DevDesc)
    USBH_Get_StringDesc                      0x080034c9   Thumb Code    72  usbh_stdreq.o(i.USBH_Get_StringDesc)
    USBH_HandleControl                       0x08003511   Thumb Code   454  usbh_core.o(i.USBH_HandleControl)
    USBH_Init                                0x08003875   Thumb Code    76  usbh_core.o(i.USBH_Init)
    USBH_MSC_BOT_Abort                       0x080038c5   Thumb Code    48  usbh_msc_bot.o(i.USBH_MSC_BOT_Abort)
    USBH_MSC_DecodeCSW                       0x08003909   Thumb Code    78  usbh_msc_bot.o(i.USBH_MSC_DecodeCSW)
    USBH_MSC_ErrorHandle                     0x08003965   Thumb Code    42  usbh_msc_core.o(i.USBH_MSC_ErrorHandle)
    USBH_MSC_HandleBOTXfer                   0x08003afd   Thumb Code   502  usbh_msc_bot.o(i.USBH_MSC_HandleBOTXfer)
    USBH_MSC_Init                            0x08003d01   Thumb Code    40  usbh_msc_bot.o(i.USBH_MSC_Init)
    USBH_MSC_ModeSense6                      0x08003e15   Thumb Code   142  usbh_msc_scsi.o(i.USBH_MSC_ModeSense6)
    USBH_MSC_Read10                          0x08003eb1   Thumb Code   202  usbh_msc_scsi.o(i.USBH_MSC_Read10)
    USBH_MSC_ReadCapacity10                  0x08003f89   Thumb Code   148  usbh_msc_scsi.o(i.USBH_MSC_ReadCapacity10)
    USBH_MSC_RequestSense                    0x08004029   Thumb Code   146  usbh_msc_scsi.o(i.USBH_MSC_RequestSense)
    USBH_MSC_TestUnitReady                   0x080040c9   Thumb Code   116  usbh_msc_scsi.o(i.USBH_MSC_TestUnitReady)
    USBH_MSC_Write10                         0x08004149   Thumb Code   146  usbh_msc_scsi.o(i.USBH_MSC_Write10)
    USBH_Modify_Channel                      0x080041e5   Thumb Code    50  usbh_hcs.o(i.USBH_Modify_Channel)
    USBH_OTG_ISR_Handler                     0x08004217   Thumb Code   168  usb_hcd_int.o(i.USBH_OTG_ISR_Handler)
    USBH_Open_Channel                        0x080042bf   Thumb Code    84  usbh_hcs.o(i.USBH_Open_Channel)
    USBH_Process                             0x080043fd   Thumb Code   418  usbh_core.o(i.USBH_Process)
    USBH_SetAddress                          0x0800459f   Thumb Code    24  usbh_stdreq.o(i.USBH_SetAddress)
    USBH_SetCfg                              0x080045b7   Thumb Code    24  usbh_stdreq.o(i.USBH_SetCfg)
    USBH_USR_Configuration_DescAvailable     0x080045cf   Thumb Code     2  usbh_usr.o(i.USBH_USR_Configuration_DescAvailable)
    USBH_USR_DeInit                          0x080045d1   Thumb Code     8  usbh_usr.o(i.USBH_USR_DeInit)
    USBH_USR_DeviceAddressAssigned           0x080045dd   Thumb Code     2  usbh_usr.o(i.USBH_USR_DeviceAddressAssigned)
    USBH_USR_DeviceAttached                  0x080045e1   Thumb Code    40  usbh_usr.o(i.USBH_USR_DeviceAttached)
    USBH_USR_DeviceDisconnected              0x08004615   Thumb Code    72  usbh_usr.o(i.USBH_USR_DeviceDisconnected)
    USBH_USR_DeviceNotSupported              0x08004671   Thumb Code     2  usbh_usr.o(i.USBH_USR_DeviceNotSupported)
    USBH_USR_DeviceSpeedDetected             0x08004673   Thumb Code     2  usbh_usr.o(i.USBH_USR_DeviceSpeedDetected)
    USBH_USR_Device_DescAvailable            0x08004675   Thumb Code     2  usbh_usr.o(i.USBH_USR_Device_DescAvailable)
    USBH_USR_EnumerationDone                 0x08004677   Thumb Code    18  usbh_usr.o(i.USBH_USR_EnumerationDone)
    USBH_USR_Init                            0x08004689   Thumb Code     2  usbh_usr.o(i.USBH_USR_Init)
    USBH_USR_MSC_Application                 0x0800468d   Thumb Code    62  usbh_usr.o(i.USBH_USR_MSC_Application)
    USBH_USR_Manufacturer_String             0x080046d9   Thumb Code     2  usbh_usr.o(i.USBH_USR_Manufacturer_String)
    USBH_USR_OverCurrentDetected             0x080046db   Thumb Code     2  usbh_usr.o(i.USBH_USR_OverCurrentDetected)
    USBH_USR_Product_String                  0x080046dd   Thumb Code     2  usbh_usr.o(i.USBH_USR_Product_String)
    USBH_USR_ResetDevice                     0x080046df   Thumb Code     2  usbh_usr.o(i.USBH_USR_ResetDevice)
    USBH_USR_SerialNum_String                0x080046e1   Thumb Code     2  usbh_usr.o(i.USBH_USR_SerialNum_String)
    USBH_USR_UnrecoveredError                0x080046e3   Thumb Code     2  usbh_usr.o(i.USBH_USR_UnrecoveredError)
    USBH_USR_UserInput                       0x080046e5   Thumb Code     4  usbh_usr.o(i.USBH_USR_UserInput)
    USB_OTG_BSP_ConfigVBUS                   0x080046e9   Thumb Code    60  usb_bsp.o(i.USB_OTG_BSP_ConfigVBUS)
    USB_OTG_BSP_DriveVBUS                    0x08004729   Thumb Code    18  usb_bsp.o(i.USB_OTG_BSP_DriveVBUS)
    USB_OTG_BSP_EnableInterrupt              0x08004741   Thumb Code    64  usb_bsp.o(i.USB_OTG_BSP_EnableInterrupt)
    USB_OTG_BSP_Init                         0x08004781   Thumb Code   180  usb_bsp.o(i.USB_OTG_BSP_Init)
    USB_OTG_BSP_TimerIRQ                     0x08004839   Thumb Code    50  usb_bsp.o(i.USB_OTG_BSP_TimerIRQ)
    USB_OTG_BSP_mDelay                       0x08004871   Thumb Code     6  usb_bsp.o(i.USB_OTG_BSP_mDelay)
    USB_OTG_BSP_uDelay                       0x08004877   Thumb Code     6  usb_bsp.o(i.USB_OTG_BSP_uDelay)
    USB_OTG_CoreInit                         0x0800487d   Thumb Code   218  usb_core.o(i.USB_OTG_CoreInit)
    USB_OTG_CoreInitHost                     0x08004959   Thumb Code   150  usb_core.o(i.USB_OTG_CoreInitHost)
    USB_OTG_DisableGlobalInt                 0x08004a49   Thumb Code    16  usb_core.o(i.USB_OTG_DisableGlobalInt)
    USB_OTG_DriveVbus                        0x08004a59   Thumb Code    58  usb_core.o(i.USB_OTG_DriveVbus)
    USB_OTG_EnableGlobalInt                  0x08004a93   Thumb Code    16  usb_core.o(i.USB_OTG_EnableGlobalInt)
    USB_OTG_EnableHostInt                    0x08004aa5   Thumb Code    62  usb_core.o(i.USB_OTG_EnableHostInt)
    USB_OTG_FlushRxFifo                      0x08004ae9   Thumb Code    52  usb_core.o(i.USB_OTG_FlushRxFifo)
    USB_OTG_FlushTxFifo                      0x08004b21   Thumb Code    60  usb_core.o(i.USB_OTG_FlushTxFifo)
    USB_OTG_HC_DoPing                        0x08004b61   Thumb Code    42  usb_core.o(i.USB_OTG_HC_DoPing)
    USB_OTG_HC_Halt                          0x08004b8b   Thumb Code    60  usb_core.o(i.USB_OTG_HC_Halt)
    USB_OTG_HC_Init                          0x08004bc7   Thumb Code   236  usb_core.o(i.USB_OTG_HC_Init)
    USB_OTG_HC_StartXfer                     0x08004cb3   Thumb Code   258  usb_core.o(i.USB_OTG_HC_StartXfer)
    USB_OTG_InitFSLSPClkSel                  0x08004db5   Thumb Code    12  usb_core.o(i.USB_OTG_InitFSLSPClkSel)
    USB_OTG_IsEvenFrame                      0x08004dc1   Thumb Code    12  usb_core.o(i.USB_OTG_IsEvenFrame)
    USB_OTG_IsHostMode                       0x08004dcd   Thumb Code    14  usb_core.o(i.USB_OTG_IsHostMode)
    USB_OTG_ReadCoreItr                      0x08004ddb   Thumb Code    10  usb_core.o(i.USB_OTG_ReadCoreItr)
    USB_OTG_ReadHPRT0                        0x08004de5   Thumb Code    12  usb_core.o(i.USB_OTG_ReadHPRT0)
    USB_OTG_ReadHostAllChannels_intr         0x08004df1   Thumb Code     6  usb_core.o(i.USB_OTG_ReadHostAllChannels_intr)
    USB_OTG_ReadPacket                       0x08004df7   Thumb Code    32  usb_core.o(i.USB_OTG_ReadPacket)
    USB_OTG_ResetPort                        0x08004e17   Thumb Code    42  usb_core.o(i.USB_OTG_ResetPort)
    USB_OTG_SelectCore                       0x08004e41   Thumb Code   188  usb_core.o(i.USB_OTG_SelectCore)
    USB_OTG_SetCurrentMode                   0x08004f01   Thumb Code    42  usb_core.o(i.USB_OTG_SetCurrentMode)
    USB_OTG_WritePacket                      0x08005c97   Thumb Code    40  usb_core.o(i.USB_OTG_WritePacket)
    UsageFault_Handler                       0x08005cbf   Thumb Code     2  stm32f4xx_it.o(i.UsageFault_Handler)
    WavaRecorderHeaderInit                   0x08005cc1   Thumb Code   182  waverecorder.o(i.WavaRecorderHeaderInit)
    WavePlayBack                             0x08005d79   Thumb Code   266  waveplayer.o(i.WavePlayBack)
    WavePlayerInit                           0x08005eb1   Thumb Code    34  waveplayer.o(i.WavePlayerInit)
    WavePlayerStart                          0x08005ed9   Thumb Code   136  waveplayer.o(i.WavePlayerStart)
    WavePlayer_CallBack                      0x08005f99   Thumb Code    76  waveplayer.o(i.WavePlayer_CallBack)
    WaveRecorderInit                         0x0800616d   Thumb Code   256  waverecorder.o(i.WaveRecorderInit)
    WaveRecorderStart                        0x0800628d   Thumb Code    40  waverecorder.o(i.WaveRecorderStart)
    WaveRecorderStop                         0x080062bd   Thumb Code    24  waverecorder.o(i.WaveRecorderStop)
    WaveRecorderUpdate                       0x080062dd   Thumb Code   482  waverecorder.o(i.WaveRecorderUpdate)
    __scatterload_copy                       0x080064f5   Thumb Code    14  handlers.o(i.__scatterload_copy)
    __scatterload_null                       0x08006503   Thumb Code     2  handlers.o(i.__scatterload_null)
    __scatterload_zeroinit                   0x08006505   Thumb Code    14  handlers.o(i.__scatterload_zeroinit)
    chk_mounted                              0x08006571   Thumb Code   482  ff.o(i.chk_mounted)
    clust2sect                               0x08006761   Thumb Code    24  ff.o(i.clust2sect)
    disk_initialize                          0x08006b6d   Thumb Code    24  usbh_msc_fatfs.o(i.disk_initialize)
    disk_ioctl                               0x08006b8d   Thumb Code    56  usbh_msc_fatfs.o(i.disk_ioctl)
    disk_read                                0x08006bcd   Thumb Code    86  usbh_msc_fatfs.o(i.disk_read)
    disk_status                              0x08006c31   Thumb Code    12  usbh_msc_fatfs.o(i.disk_status)
    disk_write                               0x08006c41   Thumb Code    96  usbh_msc_fatfs.o(i.disk_write)
    f_close                                  0x08006cad   Thumb Code    18  ff.o(i.f_close)
    f_lseek                                  0x08006cbf   Thumb Code   342  ff.o(i.f_lseek)
    f_mount                                  0x08006e15   Thumb Code    26  ff.o(i.f_mount)
    f_open                                   0x08006e35   Thumb Code   324  ff.o(i.f_open)
    f_opendir                                0x08006f79   Thumb Code    78  ff.o(i.f_opendir)
    f_read                                   0x08006fc7   Thumb Code   390  ff.o(i.f_read)
    f_sync                                   0x0800714d   Thumb Code   164  ff.o(i.f_sync)
    f_unlink                                 0x080071f1   Thumb Code   144  ff.o(i.f_unlink)
    f_write                                  0x08007281   Thumb Code   438  ff.o(i.f_write)
    get_fat                                  0x080074f3   Thumb Code   206  ff.o(i.get_fat)
    get_fattime                              0x080075c1   Thumb Code     4  fattime.o(i.get_fattime)
    main                                     0x080075c5   Thumb Code   136  main.o(i.main)
    put_fat                                  0x080076ef   Thumb Code   306  ff.o(i.put_fat)
    BUTTON_PORT_SOURCE                       0x0800795c   Data           1  stm32f4_discovery.o(.constdata)
    BUTTON_PIN_SOURCE                        0x0800795d   Data           1  stm32f4_discovery.o(.constdata)
    BUTTON_IRQn                              0x0800795e   Data           1  stm32f4_discovery.o(.constdata)
    BUTTON_PIN                               0x08007960   Data           2  stm32f4_discovery.o(.constdata)
    BUTTON_EXTI_LINE                         0x08007962   Data           2  stm32f4_discovery.o(.constdata)
    BUTTON_CLK                               0x08007964   Data           4  stm32f4_discovery.o(.constdata)
    GPIO_PIN                                 0x08007968   Data           8  stm32f4_discovery.o(.constdata)
    GPIO_CLK                                 0x08007970   Data          16  stm32f4_discovery.o(.constdata)
    Region$$Table$$Base                      0x08007a44   Number         0  anon$$obj.o(Region$$Table)
    Region$$Table$$Limit                     0x08007a64   Number         0  anon$$obj.o(Region$$Table)
    RepeatState                              0x20000000   Data           1  main.o(.data)
    CCR_Val                                  0x20000002   Data           2  main.o(.data)
    PauseResumeStatus                        0x20000004   Data           1  stm32f4xx_it.o(.data)
    Count                                    0x20000005   Data           1  stm32f4xx_it.o(.data)
    LED_Toggle                               0x20000006   Data           1  stm32f4xx_it.o(.data)
    capture                                  0x20000008   Data           2  stm32f4xx_it.o(.data)
    Time_Rec_Base                            0x2000000a   Data           2  stm32f4xx_it.o(.data)
    SystemCoreClock                          0x2000000c   Data           4  system_stm32f4xx.o(.data)
    AHBPrescTable                            0x20000010   Data          16  system_stm32f4xx.o(.data)
    BSP_delay                                0x20000020   Data           4  usb_bsp.o(.data)
    Command_index                            0x20000024   Data           1  usbh_usr.o(.data)
    USR_Callbacks                            0x20000028   Data          72  usbh_usr.o(.data)
    WaveFileStatus                           0x20000070   Data           1  waveplayer.o(.data)
    buffer_switch                            0x20000071   Data           1  waveplayer.o(.data)
    volume                                   0x20000072   Data           1  waveplayer.o(.data)
    AudioPlayStart                           0x20000073   Data           1  waveplayer.o(.data)
    XferCplt                                 0x2000007c   Data           4  waveplayer.o(.data)
    WaveDataLength                           0x20000080   Data           4  waveplayer.o(.data)
    BytesRead                                0x20000088   Data           4  waveplayer.o(.data)
    WaveCounter                              0x2000008c   Data           4  waveplayer.o(.data)
    Buffer                                   0x20000094   Data           6  waveplayer.o(.data)
    WaveRecStatus                            0x2000009c   Data           1  waverecorder.o(.data)
    Switch                                   0x2000009d   Data           1  waverecorder.o(.data)
    buf_idx                                  0x2000009e   Data           2  waverecorder.o(.data)
    buf_idx1                                 0x200000a0   Data           2  waverecorder.o(.data)
    counter                                  0x200000a2   Data           2  waverecorder.o(.data)
    bytesWritten                             0x200000a4   Data           2  waverecorder.o(.data)
    AudioRecBitRes                           0x200000ac   Data           4  waverecorder.o(.data)
    Data_Status                              0x200000b0   Data           4  waverecorder.o(.data)
    AudioRecChnlNbr                          0x200000b4   Data           4  waverecorder.o(.data)
    AudioRecCurrSize                         0x200000b8   Data           4  waverecorder.o(.data)
    writebuffer                              0x200000c0   Data           4  waverecorder.o(.data)
    pAudioRecBuf                             0x200000c4   Data           4  waverecorder.o(.data)
    BUTTON_PORT                              0x200000c8   Data           4  stm32f4_discovery.o(.data)
    GPIO_PORT                                0x200000cc   Data          16  stm32f4_discovery.o(.data)
    LIS302DLTimeout                          0x200000dc   Data           4  stm32f4_discovery_lis302dl.o(.data)
    OutputDev                                0x200000e0   Data           1  stm32f4_discovery_audio_codec.o(.data)
    AudioTotalSize                           0x200000e4   Data           4  stm32f4_discovery_audio_codec.o(.data)
    AudioRemSize                             0x200000e8   Data           4  stm32f4_discovery_audio_codec.o(.data)
    CODECTimeout                             0x200000ec   Data           4  stm32f4_discovery_audio_codec.o(.data)
    CurrAudioInterface                       0x200000f0   Data           4  stm32f4_discovery_audio_codec.o(.data)
    AUDIO_MAL_DMA_CLOCK                      0x200000f4   Data           4  stm32f4_discovery_audio_codec.o(.data)
    AUDIO_MAL_DMA_STREAM                     0x200000f8   Data           4  stm32f4_discovery_audio_codec.o(.data)
    AUDIO_MAL_DMA_DREG                       0x200000fc   Data           4  stm32f4_discovery_audio_codec.o(.data)
    AUDIO_MAL_DMA_CHANNEL                    0x20000100   Data           4  stm32f4_discovery_audio_codec.o(.data)
    AUDIO_MAL_DMA_IRQ                        0x20000104   Data           4  stm32f4_discovery_audio_codec.o(.data)
    AUDIO_MAL_DMA_FLAG_TC                    0x20000108   Data           4  stm32f4_discovery_audio_codec.o(.data)
    AUDIO_MAL_DMA_FLAG_HT                    0x2000010c   Data           4  stm32f4_discovery_audio_codec.o(.data)
    AUDIO_MAL_DMA_FLAG_FE                    0x20000110   Data           4  stm32f4_discovery_audio_codec.o(.data)
    AUDIO_MAL_DMA_FLAG_TE                    0x20000114   Data           4  stm32f4_discovery_audio_codec.o(.data)
    AUDIO_MAL_DMA_FLAG_DME                   0x20000118   Data           4  stm32f4_discovery_audio_codec.o(.data)
    CurrentPos                               0x2000011c   Data           4  stm32f4_discovery_audio_codec.o(.data)
    MSCErrorCount                            0x20000144   Data           1  usbh_msc_core.o(.data)
    USBH_MSC_cb                              0x20000148   Data          16  usbh_msc_core.o(.data)
    USBH_DeviceConnStatus_cb                 0x20000160   Data          12  usbh_core.o(.data)
    stm32_crc                                0x20000174   Data           4  pdm_filter.o(.data)
    T0                                       0x20000178   Data         256  pdm_filter.o(.data)
    T1                                       0x20000278   Data         256  pdm_filter.o(.data)
    T2                                       0x20000378   Data         256  pdm_filter.o(.data)
    USB_OTG_Core                             0x20000478   Data        1200  main.o(.bss)
    USB_Host                                 0x20000928   Data         132  main.o(.bss)
    RCC_Clocks                               0x200009ac   Data          16  main.o(.bss)
    fatfs                                    0x200009bc   Data        1072  usbh_usr.o(.bss)
    file                                     0x20000dec   Data        1060  usbh_usr.o(.bss)
    fileR                                    0x20001210   Data        1060  usbh_usr.o(.bss)
    dir                                      0x20001634   Data          28  usbh_usr.o(.bss)
    buffer1                                  0x20001650   Data        2048  waveplayer.o(.bss)
    buffer2                                  0x20001e50   Data        2048  waveplayer.o(.bss)
    WAVE_Format                              0x20002650   Data          24  waveplayer.o(.bss)
    RAM_Buf                                  0x20002668   Data        3000  waverecorder.o(.bss)
    RAM_Buf1                                 0x20003220   Data        3000  waverecorder.o(.bss)
    Filter                                   0x20003dd8   Data          52  waverecorder.o(.bss)
    RecBuf                                   0x20003e0c   Data          32  waverecorder.o(.bss)
    RecBuf1                                  0x20003e2c   Data          32  waverecorder.o(.bss)
    RecBufHeader                             0x20003e4c   Data         512  waverecorder.o(.bss)
    DMA_InitStructure                        0x200040cc   Data          60  stm32f4_discovery_audio_codec.o(.bss)
    USBH_MSC_Param                           0x20004108   Data          16  usbh_msc_scsi.o(.bss)
    USBH_DataInBuffer                        0x20004118   Data         512  usbh_msc_scsi.o(.bss)
    USBH_MSC_CBWData                         0x20004318   Data          32  usbh_msc_bot.o(.bss)
    USBH_MSC_CSWData                         0x20004338   Data          16  usbh_msc_bot.o(.bss)
    USBH_MSC_BOTXferParam                    0x20004348   Data          16  usbh_msc_bot.o(.bss)
    MSC_Machine                              0x20004358   Data          74  usbh_msc_core.o(.bss)
    __initial_sp                             0x200047a8   Data           0  startup_stm32f4xx.o(STACK)



==============================================================================

Memory Map of the image

  Image Entry point : 0x08000189

  Load Region LR_IROM1 (Base: 0x08000000, Size: 0x00007edc, Max: 0x00100000, ABSOLUTE, COMPRESSED[0x00007d1c])

    Execution Region ER_IROM1 (Exec base: 0x08000000, Load base: 0x08000000, Size: 0x00007a64, Max: 0x00100000, ABSOLUTE)

    Exec Addr    Load Addr    Size         Type   Attr      Idx    E Section Name        Object

    0x08000000   0x08000000   0x00000188   Data   RO         3313    RESET               startup_stm32f4xx.o
    0x08000188   0x08000188   0x00000000   Code   RO         4320  * .ARM.Collect$$$$00000000  mc_w.l(entry.o)
    0x08000188   0x08000188   0x00000004   Code   RO         4337    .ARM.Collect$$$$00000001  mc_w.l(entry2.o)
    0x0800018c   0x0800018c   0x00000004   Code   RO         4340    .ARM.Collect$$$$00000004  mc_w.l(entry5.o)
    0x08000190   0x08000190   0x00000000   Code   RO         4342    .ARM.Collect$$$$00000008  mc_w.l(entry7b.o)
    0x08000190   0x08000190   0x00000000   Code   RO         4344    .ARM.Collect$$$$0000000A  mc_w.l(entry8b.o)
    0x08000190   0x08000190   0x00000008   Code   RO         4345    .ARM.Collect$$$$0000000B  mc_w.l(entry9a.o)
    0x08000198   0x08000198   0x00000000   Code   RO         4347    .ARM.Collect$$$$0000000D  mc_w.l(entry10a.o)
    0x08000198   0x08000198   0x00000000   Code   RO         4349    .ARM.Collect$$$$0000000F  mc_w.l(entry11a.o)
    0x08000198   0x08000198   0x00000004   Code   RO         4338    .ARM.Collect$$$$00002712  mc_w.l(entry2.o)
    0x0800019c   0x0800019c   0x00000024   Code   RO         3314    .text               startup_stm32f4xx.o
    0x080001c0   0x080001c0   0x00000bfc   Code   RO         4317    .text               libPDMFilter_Keil.lib(pdm_filter.o)
    0x08000dbc   0x08000dbc   0x00000018   Code   RO         4323    .text               mf_w.l(fscalb.o)
    0x08000dd4   0x08000dd4   0x0000014e   Code   RO         4325    .text               mf_w.l(dadd.o)
    0x08000f22   0x08000f22   0x000000e4   Code   RO         4327    .text               mf_w.l(dmul.o)
    0x08001006   0x08001006   0x000000de   Code   RO         4329    .text               mf_w.l(ddiv.o)
    0x080010e4   0x080010e4   0x0000001a   Code   RO         4331    .text               mf_w.l(dfltui.o)
    0x080010fe   0x080010fe   0x00000032   Code   RO         4333    .text               mf_w.l(dfixui.o)
    0x08001130   0x08001130   0x00000026   Code   RO         4335    .text               mf_w.l(f2d.o)
    0x08001156   0x08001156   0x0000001e   Code   RO         4351    .text               mc_w.l(llshl.o)
    0x08001174   0x08001174   0x00000020   Code   RO         4353    .text               mc_w.l(llushr.o)
    0x08001194   0x08001194   0x00000024   Code   RO         4355    .text               mc_w.l(llsshr.o)
    0x080011b8   0x080011b8   0x00000000   Code   RO         4357    .text               mc_w.l(iusefp.o)
    0x080011b8   0x080011b8   0x000000ba   Code   RO         4358    .text               mf_w.l(depilogue.o)
    0x08001272   0x08001272   0x00000002   PAD
    0x08001274   0x08001274   0x00000024   Code   RO         4360    .text               mc_w.l(init.o)
    0x08001298   0x08001298   0x00000056   Code   RO         4370    .text               mc_w.l(__dczerorl2.o)
    0x080012ee   0x080012ee   0x00000002   PAD
    0x080012f0   0x080012f0   0x0000009c   Code   RO         1067    i.Audio_MAL_IRQHandler  stm32f4_discovery_audio_codec.o
    0x0800138c   0x0800138c   0x000000cc   Code   RO         1068    i.Audio_MAL_Init    stm32f4_discovery_audio_codec.o
    0x08001458   0x08001458   0x00000050   Code   RO         1069    i.Audio_MAL_Play    stm32f4_discovery_audio_codec.o
    0x080014a8   0x080014a8   0x00000024   Code   RO          479    i.BSP_Delay         usb_bsp.o
    0x080014cc   0x080014cc   0x0000006a   Code   RO          481    i.BSP_SetTime       usb_bsp.o
    0x08001536   0x08001536   0x00000002   Code   RO          344    i.BusFault_Handler  stm32f4xx_it.o
    0x08001538   0x08001538   0x00000028   Code   RO          569    i.COMMAND_AudioExecuteApplication  usbh_usr.o
    0x08001560   0x08001560   0x0000006c   Code   RO         1070    i.Codec_AudioInterface_Init  stm32f4_discovery_audio_codec.o
    0x080015cc   0x080015cc   0x0000011c   Code   RO         1072    i.Codec_GPIO_Init   stm32f4_discovery_audio_codec.o
    0x080016e8   0x080016e8   0x00000128   Code   RO         1073    i.Codec_Init        stm32f4_discovery_audio_codec.o
    0x08001810   0x08001810   0x00000018   Code   RO         1074    i.Codec_Mute        stm32f4_discovery_audio_codec.o
    0x08001828   0x08001828   0x00000164   Code   RO         1075    i.Codec_ReadRegister  stm32f4_discovery_audio_codec.o
    0x0800198c   0x0800198c   0x00000028   Code   RO         1076    i.Codec_Reset       stm32f4_discovery_audio_codec.o
    0x080019b4   0x080019b4   0x00000004   Code   RO          753    i.Codec_TIMEOUT_UserCallback  waveplayer.o
    0x080019b8   0x080019b8   0x00000026   Code   RO         1077    i.Codec_VolumeCtrl  stm32f4_discovery_audio_codec.o
    0x080019de   0x080019de   0x00000002   PAD
    0x080019e0   0x080019e0   0x000000fc   Code   RO         1078    i.Codec_WriteRegister  stm32f4_discovery_audio_codec.o
    0x08001adc   0x08001adc   0x00000018   Code   RO         1549    i.DAC_Cmd           stm32f4xx_dac.o
    0x08001af4   0x08001af4   0x00000050   Code   RO         1079    i.DAC_Config        stm32f4_discovery_audio_codec.o
    0x08001b44   0x08001b44   0x00000028   Code   RO         1557    i.DAC_Init          stm32f4xx_dac.o
    0x08001b6c   0x08001b6c   0x00000014   Code   RO         1558    i.DAC_SetChannel1Data  stm32f4xx_dac.o
    0x08001b80   0x08001b80   0x00000004   Code   RO         1080    i.DMA1_Stream0_IRQHandler  stm32f4_discovery_audio_codec.o
    0x08001b84   0x08001b84   0x00000004   Code   RO         1081    i.DMA1_Stream7_IRQHandler  stm32f4_discovery_audio_codec.o
    0x08001b88   0x08001b88   0x0000002c   Code   RO         1659    i.DMA_ClearFlag     stm32f4xx_dma.o
    0x08001bb4   0x08001bb4   0x00000014   Code   RO         1661    i.DMA_Cmd           stm32f4xx_dma.o
    0x08001bc8   0x08001bc8   0x00000124   Code   RO         1662    i.DMA_DeInit        stm32f4xx_dma.o
    0x08001cec   0x08001cec   0x0000000e   Code   RO         1666    i.DMA_GetCmdStatus  stm32f4xx_dma.o
    0x08001cfa   0x08001cfa   0x00000002   PAD
    0x08001cfc   0x08001cfc   0x00000034   Code   RO         1670    i.DMA_GetFlagStatus  stm32f4xx_dma.o
    0x08001d30   0x08001d30   0x0000002c   Code   RO         1672    i.DMA_ITConfig      stm32f4xx_dma.o
    0x08001d5c   0x08001d5c   0x00000054   Code   RO         1673    i.DMA_Init          stm32f4xx_dma.o
    0x08001db0   0x08001db0   0x00000002   Code   RO          345    i.DebugMon_Handler  stm32f4xx_it.o
    0x08001db2   0x08001db2   0x00000002   PAD
    0x08001db4   0x08001db4   0x00000014   Code   RO          754    i.Delay             waveplayer.o
    0x08001dc8   0x08001dc8   0x00000010   Code   RO         1082    i.Delay             stm32f4_discovery_audio_codec.o
    0x08001dd8   0x08001dd8   0x00000004   Code   RO          756    i.EVAL_AUDIO_GetSampleCallBack  waveplayer.o
    0x08001ddc   0x08001ddc   0x00000028   Code   RO         1084    i.EVAL_AUDIO_Init   stm32f4_discovery_audio_codec.o
    0x08001e04   0x08001e04   0x00000084   Code   RO         1086    i.EVAL_AUDIO_PauseResume  stm32f4_discovery_audio_codec.o
    0x08001e88   0x08001e88   0x0000008c   Code   RO         1088    i.EVAL_AUDIO_SetAudioInterface  stm32f4_discovery_audio_codec.o
    0x08001f14   0x08001f14   0x00000078   Code   RO         1089    i.EVAL_AUDIO_Stop   stm32f4_discovery_audio_codec.o
    0x08001f8c   0x08001f8c   0x00000024   Code   RO          758    i.EVAL_AUDIO_TransferComplete_CallBack  waveplayer.o
    0x08001fb0   0x08001fb0   0x00000044   Code   RO          346    i.EXTI0_IRQHandler  stm32f4xx_it.o
    0x08001ff4   0x08001ff4   0x00000034   Code   RO          347    i.EXTI1_IRQHandler  stm32f4xx_it.o
    0x08002028   0x08002028   0x00000074   Code   RO          759    i.EXTILine_Config   waveplayer.o
    0x0800209c   0x0800209c   0x0000000c   Code   RO         1784    i.EXTI_ClearITPendingBit  stm32f4xx_exti.o
    0x080020a8   0x080020a8   0x00000020   Code   RO         1788    i.EXTI_GetITStatus  stm32f4xx_exti.o
    0x080020c8   0x080020c8   0x00000070   Code   RO         1789    i.EXTI_Init         stm32f4xx_exti.o
    0x08002138   0x08002138   0x000000a2   Code   RO         2032    i.GPIO_Init         stm32f4xx_gpio.o
    0x080021da   0x080021da   0x00000020   Code   RO         2033    i.GPIO_PinAFConfig  stm32f4xx_gpio.o
    0x080021fa   0x080021fa   0x00000004   Code   RO         2039    i.GPIO_ResetBits    stm32f4xx_gpio.o
    0x080021fe   0x080021fe   0x00000004   Code   RO         2040    i.GPIO_SetBits      stm32f4xx_gpio.o
    0x08002202   0x08002202   0x0000000a   Code   RO         2044    i.GPIO_WriteBit     stm32f4xx_gpio.o
    0x0800220c   0x0800220c   0x00000008   Code   RO         3562    i.HCD_GetCurrentFrame  usb_hcd.o
    0x08002214   0x08002214   0x0000000c   Code   RO         3563    i.HCD_GetCurrentSpeed  usb_hcd.o
    0x08002220   0x08002220   0x00000008   Code   RO         3565    i.HCD_GetURB_State  usb_hcd.o
    0x08002228   0x08002228   0x0000000a   Code   RO         3566    i.HCD_GetXferCnt    usb_hcd.o
    0x08002232   0x08002232   0x00000056   Code   RO         3568    i.HCD_Init          usb_hcd.o
    0x08002288   0x08002288   0x00000006   Code   RO         3569    i.HCD_IsDeviceConnected  usb_hcd.o
    0x0800228e   0x0800228e   0x0000000a   Code   RO         3570    i.HCD_ResetPort     usb_hcd.o
    0x08002298   0x08002298   0x00000014   Code   RO         3571    i.HCD_SubmitRequest  usb_hcd.o
    0x080022ac   0x080022ac   0x00000002   Code   RO          348    i.HardFault_Handler  stm32f4xx_it.o
    0x080022ae   0x080022ae   0x00000014   Code   RO         2126    i.I2C_AcknowledgeConfig  stm32f4xx_i2c.o
    0x080022c2   0x080022c2   0x00000018   Code   RO         2128    i.I2C_CheckEvent    stm32f4xx_i2c.o
    0x080022da   0x080022da   0x00000006   Code   RO         2129    i.I2C_ClearFlag     stm32f4xx_i2c.o
    0x080022e0   0x080022e0   0x00000014   Code   RO         2131    i.I2C_Cmd           stm32f4xx_i2c.o
    0x080022f4   0x080022f4   0x00000044   Code   RO         2134    i.I2C_DeInit        stm32f4xx_i2c.o
    0x08002338   0x08002338   0x00000014   Code   RO         2138    i.I2C_GenerateSTART  stm32f4xx_i2c.o
    0x0800234c   0x0800234c   0x00000014   Code   RO         2139    i.I2C_GenerateSTOP  stm32f4xx_i2c.o
    0x08002360   0x08002360   0x0000002a   Code   RO         2140    i.I2C_GetFlagStatus  stm32f4xx_i2c.o
    0x0800238a   0x0800238a   0x00000002   PAD
    0x0800238c   0x0800238c   0x000000b8   Code   RO         2145    i.I2C_Init          stm32f4xx_i2c.o
    0x08002444   0x08002444   0x00000006   Code   RO         2150    i.I2C_ReceiveData   stm32f4xx_i2c.o
    0x0800244a   0x0800244a   0x00000010   Code   RO         2152    i.I2C_Send7bitAddress  stm32f4xx_i2c.o
    0x0800245a   0x0800245a   0x00000004   Code   RO         2153    i.I2C_SendData      stm32f4xx_i2c.o
    0x0800245e   0x0800245e   0x00000014   Code   RO         2609    i.I2S_Cmd           stm32f4xx_spi.o
    0x08002472   0x08002472   0x00000002   PAD
    0x08002474   0x08002474   0x000000c8   Code   RO         2611    i.I2S_Init          stm32f4xx_spi.o
    0x0800253c   0x0800253c   0x00000030   Code   RO          984    i.LIS302DL_Init     stm32f4_discovery_lis302dl.o
    0x0800256c   0x0800256c   0x0000002e   Code   RO          985    i.LIS302DL_InterruptConfig  stm32f4_discovery_lis302dl.o
    0x0800259a   0x0800259a   0x00000002   PAD
    0x0800259c   0x0800259c   0x00000120   Code   RO          986    i.LIS302DL_LowLevel_Init  stm32f4_discovery_lis302dl.o
    0x080026bc   0x080026bc   0x0000004c   Code   RO          988    i.LIS302DL_Read     stm32f4_discovery_lis302dl.o
    0x08002708   0x08002708   0x00000060   Code   RO          991    i.LIS302DL_SendByte  stm32f4_discovery_lis302dl.o
    0x08002768   0x08002768   0x00000002   Code   RO          760    i.LIS302DL_TIMEOUT_UserCallback  waveplayer.o
    0x0800276a   0x0800276a   0x00000002   PAD
    0x0800276c   0x0800276c   0x00000044   Code   RO          992    i.LIS302DL_Write    stm32f4_discovery_lis302dl.o
    0x080027b0   0x080027b0   0x00000002   Code   RO          349    i.MemManage_Handler  stm32f4xx_it.o
    0x080027b2   0x080027b2   0x000000bc   Code   RO          761    i.Mems_Config       waveplayer.o
    0x0800286e   0x0800286e   0x00000002   Code   RO          350    i.NMI_Handler       stm32f4xx_it.o
    0x08002870   0x08002870   0x00000064   Code   RO         1269    i.NVIC_Init         misc.o
    0x080028d4   0x080028d4   0x00000014   Code   RO         1270    i.NVIC_PriorityGroupConfig  misc.o
    0x080028e8   0x080028e8   0x00000014   Code   RO         1271    i.NVIC_SetVectorTable  misc.o
    0x080028fc   0x080028fc   0x0000000c   Code   RO          351    i.OTG_FS_IRQHandler  stm32f4xx_it.o
    0x08002908   0x08002908   0x00000002   Code   RO          352    i.PendSV_Handler    stm32f4xx_it.o
    0x0800290a   0x0800290a   0x00000002   PAD
    0x0800290c   0x0800290c   0x00000018   Code   RO         2333    i.RCC_AHB1PeriphClockCmd  stm32f4xx_rcc.o
    0x08002924   0x08002924   0x00000018   Code   RO         2336    i.RCC_AHB2PeriphClockCmd  stm32f4xx_rcc.o
    0x0800293c   0x0800293c   0x00000018   Code   RO         2342    i.RCC_APB1PeriphClockCmd  stm32f4xx_rcc.o
    0x08002954   0x08002954   0x00000018   Code   RO         2344    i.RCC_APB1PeriphResetCmd  stm32f4xx_rcc.o
    0x0800296c   0x0800296c   0x00000018   Code   RO         2345    i.RCC_APB2PeriphClockCmd  stm32f4xx_rcc.o
    0x08002984   0x08002984   0x00000018   Code   RO         2347    i.RCC_APB2PeriphResetCmd  stm32f4xx_rcc.o
    0x0800299c   0x0800299c   0x00000090   Code   RO         2354    i.RCC_GetClocksFreq  stm32f4xx_rcc.o
    0x08002a2c   0x08002a2c   0x00000022   Code   RO          762    i.ReadUnit          waveplayer.o
    0x08002a4e   0x08002a4e   0x00000002   PAD
    0x08002a50   0x08002a50   0x00000050   Code   RO          880    i.SPI2_IRQHandler   waverecorder.o
    0x08002aa0   0x08002aa0   0x00000040   Code   RO         1091    i.SPI3_IRQHandler   stm32f4_discovery_audio_codec.o
    0x08002ae0   0x08002ae0   0x00000014   Code   RO         2615    i.SPI_Cmd           stm32f4xx_spi.o
    0x08002af4   0x08002af4   0x00000010   Code   RO         2621    i.SPI_I2S_DMACmd    stm32f4xx_spi.o
    0x08002b04   0x08002b04   0x00000054   Code   RO         2622    i.SPI_I2S_DeInit    stm32f4xx_spi.o
    0x08002b58   0x08002b58   0x0000000e   Code   RO         2623    i.SPI_I2S_GetFlagStatus  stm32f4xx_spi.o
    0x08002b66   0x08002b66   0x0000002a   Code   RO         2624    i.SPI_I2S_GetITStatus  stm32f4xx_spi.o
    0x08002b90   0x08002b90   0x00000018   Code   RO         2625    i.SPI_I2S_ITConfig  stm32f4xx_spi.o
    0x08002ba8   0x08002ba8   0x00000004   Code   RO         2626    i.SPI_I2S_ReceiveData  stm32f4xx_spi.o
    0x08002bac   0x08002bac   0x00000004   Code   RO         2627    i.SPI_I2S_SendData  stm32f4xx_spi.o
    0x08002bb0   0x08002bb0   0x00000038   Code   RO         2628    i.SPI_Init          stm32f4xx_spi.o
    0x08002be8   0x08002be8   0x00000048   Code   RO          930    i.STM_EVAL_LEDInit  stm32f4_discovery.o
    0x08002c30   0x08002c30   0x00000018   Code   RO          931    i.STM_EVAL_LEDOff   stm32f4_discovery.o
    0x08002c48   0x08002c48   0x00000018   Code   RO          932    i.STM_EVAL_LEDOn    stm32f4_discovery.o
    0x08002c60   0x08002c60   0x0000001c   Code   RO          933    i.STM_EVAL_LEDToggle  stm32f4_discovery.o
    0x08002c7c   0x08002c7c   0x00000098   Code   RO          935    i.STM_EVAL_PBInit   stm32f4_discovery.o
    0x08002d14   0x08002d14   0x00000002   Code   RO          353    i.SVC_Handler       stm32f4xx_it.o
    0x08002d16   0x08002d16   0x00000002   PAD
    0x08002d18   0x08002d18   0x00000030   Code   RO         1226    i.SYSCFG_EXTILineConfig  stm32f4xx_syscfg.o
    0x08002d48   0x08002d48   0x000000d8   Code   RO          446    i.SetSysClock       system_stm32f4xx.o
    0x08002e20   0x08002e20   0x00000020   Code   RO          354    i.SysTick_Handler   stm32f4xx_it.o
    0x08002e40   0x08002e40   0x00000050   Code   RO          448    i.SystemInit        system_stm32f4xx.o
    0x08002e90   0x08002e90   0x00000004   Code   RO          355    i.TIM2_IRQHandler   stm32f4xx_it.o
    0x08002e94   0x08002e94   0x000000d8   Code   RO          356    i.TIM4_IRQHandler   stm32f4xx_it.o
    0x08002f6c   0x08002f6c   0x00000014   Code   RO         2771    i.TIM_ARRPreloadConfig  stm32f4xx_tim.o
    0x08002f80   0x08002f80   0x00000006   Code   RO         2778    i.TIM_ClearITPendingBit  stm32f4xx_tim.o
    0x08002f86   0x08002f86   0x00000014   Code   RO         2783    i.TIM_Cmd           stm32f4xx_tim.o
    0x08002f9a   0x08002f9a   0x00000004   Code   RO         2798    i.TIM_GetCapture1   stm32f4xx_tim.o
    0x08002f9e   0x08002f9e   0x00000018   Code   RO         2804    i.TIM_GetITStatus   stm32f4xx_tim.o
    0x08002fb6   0x08002fb6   0x00000010   Code   RO         2808    i.TIM_ITConfig      stm32f4xx_tim.o
    0x08002fc6   0x08002fc6   0x00000002   PAD
    0x08002fc8   0x08002fc8   0x000000bc   Code   RO          122    i.TIM_LED_Config    main.o
    0x08003084   0x08003084   0x00000060   Code   RO         2812    i.TIM_OC1Init       stm32f4xx_tim.o
    0x080030e4   0x080030e4   0x0000000c   Code   RO         2815    i.TIM_OC1PreloadConfig  stm32f4xx_tim.o
    0x080030f0   0x080030f0   0x00000004   Code   RO         2845    i.TIM_SetCompare1   stm32f4xx_tim.o
    0x080030f4   0x080030f4   0x0000007c   Code   RO         2855    i.TIM_TimeBaseInit  stm32f4xx_tim.o
    0x08003170   0x08003170   0x00000014   Code   RO          763    i.TimingDelay_Decrement  waveplayer.o
    0x08003184   0x08003184   0x00000034   Code   RO         3950    i.USBH_Alloc_Channel  usbh_hcs.o
    0x080031b8   0x080031b8   0x00000026   Code   RO         3990    i.USBH_BulkReceiveData  usbh_ioreq.o
    0x080031de   0x080031de   0x00000028   Code   RO         3991    i.USBH_BulkSendData  usbh_ioreq.o
    0x08003206   0x08003206   0x0000002e   Code   RO         3828    i.USBH_ClrFeature   usbh_stdreq.o
    0x08003234   0x08003234   0x00000012   Code   RO         3890    i.USBH_Connect      usbh_core.o
    0x08003246   0x08003246   0x00000020   Code   RO         3992    i.USBH_CtlReceiveData  usbh_ioreq.o
    0x08003266   0x08003266   0x00000050   Code   RO         3993    i.USBH_CtlReq       usbh_ioreq.o
    0x080032b6   0x080032b6   0x00000036   Code   RO         3994    i.USBH_CtlSendData  usbh_ioreq.o
    0x080032ec   0x080032ec   0x00000026   Code   RO         3995    i.USBH_CtlSendSetup  usbh_ioreq.o
    0x08003312   0x08003312   0x00000018   Code   RO         3951    i.USBH_DeAllocate_AllChannel  usbh_hcs.o
    0x0800332a   0x0800332a   0x00000034   Code   RO         3891    i.USBH_DeInit       usbh_core.o
    0x0800335e   0x0800335e   0x00000012   Code   RO         3892    i.USBH_Disconnect   usbh_core.o
    0x08003370   0x08003370   0x0000002c   Code   RO         3893    i.USBH_ErrorHandle  usbh_core.o
    0x0800339c   0x0800339c   0x00000018   Code   RO         3952    i.USBH_Free_Channel  usbh_hcs.o
    0x080033b4   0x080033b4   0x00000030   Code   RO         3829    i.USBH_GetDescriptor  usbh_stdreq.o
    0x080033e4   0x080033e4   0x0000000e   Code   RO         3830    i.USBH_GetNextDesc  usbh_stdreq.o
    0x080033f2   0x080033f2   0x0000003a   Code   RO         3831    i.USBH_Get_CfgDesc  usbh_stdreq.o
    0x0800342c   0x0800342c   0x0000009c   Code   RO         3832    i.USBH_Get_DevDesc  usbh_stdreq.o
    0x080034c8   0x080034c8   0x00000048   Code   RO         3833    i.USBH_Get_StringDesc  usbh_stdreq.o
    0x08003510   0x08003510   0x000001cc   Code   RO         3894    i.USBH_HandleControl  usbh_core.o
    0x080036dc   0x080036dc   0x00000198   Code   RO         3895    i.USBH_HandleEnum   usbh_core.o
    0x08003874   0x08003874   0x00000050   Code   RO         3896    i.USBH_Init         usbh_core.o
    0x080038c4   0x080038c4   0x00000038   Code   RO         3696    i.USBH_MSC_BOT_Abort  usbh_msc_bot.o
    0x080038fc   0x080038fc   0x0000000c   Code   RO         3737    i.USBH_MSC_ClassRequest  usbh_msc_core.o
    0x08003908   0x08003908   0x0000005c   Code   RO         3697    i.USBH_MSC_DecodeCSW  usbh_msc_bot.o
    0x08003964   0x08003964   0x00000034   Code   RO         3738    i.USBH_MSC_ErrorHandle  usbh_msc_core.o
    0x08003998   0x08003998   0x00000164   Code   RO         3739    i.USBH_MSC_Handle   usbh_msc_core.o
    0x08003afc   0x08003afc   0x00000204   Code   RO         3698    i.USBH_MSC_HandleBOTXfer  usbh_msc_bot.o
    0x08003d00   0x08003d00   0x0000003c   Code   RO         3699    i.USBH_MSC_Init     usbh_msc_bot.o
    0x08003d3c   0x08003d3c   0x00000038   Code   RO         3740    i.USBH_MSC_InterfaceDeInit  usbh_msc_core.o
    0x08003d74   0x08003d74   0x000000a0   Code   RO         3741    i.USBH_MSC_InterfaceInit  usbh_msc_core.o
    0x08003e14   0x08003e14   0x0000009c   Code   RO         3632    i.USBH_MSC_ModeSense6  usbh_msc_scsi.o
    0x08003eb0   0x08003eb0   0x000000d8   Code   RO         3633    i.USBH_MSC_Read10   usbh_msc_scsi.o
    0x08003f88   0x08003f88   0x000000a0   Code   RO         3634    i.USBH_MSC_ReadCapacity10  usbh_msc_scsi.o
    0x08004028   0x08004028   0x000000a0   Code   RO         3635    i.USBH_MSC_RequestSense  usbh_msc_scsi.o
    0x080040c8   0x080040c8   0x00000080   Code   RO         3636    i.USBH_MSC_TestUnitReady  usbh_msc_scsi.o
    0x08004148   0x08004148   0x0000009c   Code   RO         3637    i.USBH_MSC_Write10  usbh_msc_scsi.o
    0x080041e4   0x080041e4   0x00000032   Code   RO         3953    i.USBH_Modify_Channel  usbh_hcs.o
    0x08004216   0x08004216   0x000000a8   Code   RO         3493    i.USBH_OTG_ISR_Handler  usb_hcd_int.o
    0x080042be   0x080042be   0x00000054   Code   RO         3954    i.USBH_Open_Channel  usbh_hcs.o
    0x08004312   0x08004312   0x000000ea   Code   RO         3834    i.USBH_ParseCfgDesc  usbh_stdreq.o
    0x080043fc   0x080043fc   0x000001a2   Code   RO         3897    i.USBH_Process      usbh_core.o
    0x0800459e   0x0800459e   0x00000018   Code   RO         3835    i.USBH_SetAddress   usbh_stdreq.o
    0x080045b6   0x080045b6   0x00000018   Code   RO         3836    i.USBH_SetCfg       usbh_stdreq.o
    0x080045ce   0x080045ce   0x00000002   Code   RO          570    i.USBH_USR_Configuration_DescAvailable  usbh_usr.o
    0x080045d0   0x080045d0   0x0000000c   Code   RO          571    i.USBH_USR_DeInit   usbh_usr.o
    0x080045dc   0x080045dc   0x00000002   Code   RO          572    i.USBH_USR_DeviceAddressAssigned  usbh_usr.o
    0x080045de   0x080045de   0x00000002   PAD
    0x080045e0   0x080045e0   0x00000034   Code   RO          573    i.USBH_USR_DeviceAttached  usbh_usr.o
    0x08004614   0x08004614   0x0000005c   Code   RO          574    i.USBH_USR_DeviceDisconnected  usbh_usr.o
    0x08004670   0x08004670   0x00000002   Code   RO          575    i.USBH_USR_DeviceNotSupported  usbh_usr.o
    0x08004672   0x08004672   0x00000002   Code   RO          576    i.USBH_USR_DeviceSpeedDetected  usbh_usr.o
    0x08004674   0x08004674   0x00000002   Code   RO          577    i.USBH_USR_Device_DescAvailable  usbh_usr.o
    0x08004676   0x08004676   0x00000012   Code   RO          578    i.USBH_USR_EnumerationDone  usbh_usr.o
    0x08004688   0x08004688   0x00000002   Code   RO          579    i.USBH_USR_Init     usbh_usr.o
    0x0800468a   0x0800468a   0x00000002   PAD
    0x0800468c   0x0800468c   0x0000004c   Code   RO          580    i.USBH_USR_MSC_Application  usbh_usr.o
    0x080046d8   0x080046d8   0x00000002   Code   RO          581    i.USBH_USR_Manufacturer_String  usbh_usr.o
    0x080046da   0x080046da   0x00000002   Code   RO          582    i.USBH_USR_OverCurrentDetected  usbh_usr.o
    0x080046dc   0x080046dc   0x00000002   Code   RO          583    i.USBH_USR_Product_String  usbh_usr.o
    0x080046de   0x080046de   0x00000002   Code   RO          584    i.USBH_USR_ResetDevice  usbh_usr.o
    0x080046e0   0x080046e0   0x00000002   Code   RO          585    i.USBH_USR_SerialNum_String  usbh_usr.o
    0x080046e2   0x080046e2   0x00000002   Code   RO          586    i.USBH_USR_UnrecoveredError  usbh_usr.o
    0x080046e4   0x080046e4   0x00000004   Code   RO          587    i.USBH_USR_UserInput  usbh_usr.o
    0x080046e8   0x080046e8   0x00000040   Code   RO          482    i.USB_OTG_BSP_ConfigVBUS  usb_bsp.o
    0x08004728   0x08004728   0x00000018   Code   RO          483    i.USB_OTG_BSP_DriveVBUS  usb_bsp.o
    0x08004740   0x08004740   0x00000040   Code   RO          484    i.USB_OTG_BSP_EnableInterrupt  usb_bsp.o
    0x08004780   0x08004780   0x000000b8   Code   RO          485    i.USB_OTG_BSP_Init  usb_bsp.o
    0x08004838   0x08004838   0x00000038   Code   RO          486    i.USB_OTG_BSP_TimerIRQ  usb_bsp.o
    0x08004870   0x08004870   0x00000006   Code   RO          487    i.USB_OTG_BSP_mDelay  usb_bsp.o
    0x08004876   0x08004876   0x00000006   Code   RO          488    i.USB_OTG_BSP_uDelay  usb_bsp.o
    0x0800487c   0x0800487c   0x000000da   Code   RO         3319    i.USB_OTG_CoreInit  usb_core.o
    0x08004956   0x08004956   0x00000002   PAD
    0x08004958   0x08004958   0x00000096   Code   RO         3320    i.USB_OTG_CoreInitHost  usb_core.o
    0x080049ee   0x080049ee   0x00000002   PAD
    0x080049f0   0x080049f0   0x00000058   Code   RO         3321    i.USB_OTG_CoreReset  usb_core.o
    0x08004a48   0x08004a48   0x00000010   Code   RO         3322    i.USB_OTG_DisableGlobalInt  usb_core.o
    0x08004a58   0x08004a58   0x0000003a   Code   RO         3323    i.USB_OTG_DriveVbus  usb_core.o
    0x08004a92   0x08004a92   0x00000010   Code   RO         3324    i.USB_OTG_EnableGlobalInt  usb_core.o
    0x08004aa2   0x08004aa2   0x00000002   PAD
    0x08004aa4   0x08004aa4   0x00000044   Code   RO         3325    i.USB_OTG_EnableHostInt  usb_core.o
    0x08004ae8   0x08004ae8   0x00000038   Code   RO         3326    i.USB_OTG_FlushRxFifo  usb_core.o
    0x08004b20   0x08004b20   0x00000040   Code   RO         3327    i.USB_OTG_FlushTxFifo  usb_core.o
    0x08004b60   0x08004b60   0x0000002a   Code   RO         3329    i.USB_OTG_HC_DoPing  usb_core.o
    0x08004b8a   0x08004b8a   0x0000003c   Code   RO         3330    i.USB_OTG_HC_Halt   usb_core.o
    0x08004bc6   0x08004bc6   0x000000ec   Code   RO         3331    i.USB_OTG_HC_Init   usb_core.o
    0x08004cb2   0x08004cb2   0x00000102   Code   RO         3332    i.USB_OTG_HC_StartXfer  usb_core.o
    0x08004db4   0x08004db4   0x0000000c   Code   RO         3333    i.USB_OTG_InitFSLSPClkSel  usb_core.o
    0x08004dc0   0x08004dc0   0x0000000c   Code   RO         3335    i.USB_OTG_IsEvenFrame  usb_core.o
    0x08004dcc   0x08004dcc   0x0000000e   Code   RO         3336    i.USB_OTG_IsHostMode  usb_core.o
    0x08004dda   0x08004dda   0x0000000a   Code   RO         3337    i.USB_OTG_ReadCoreItr  usb_core.o
    0x08004de4   0x08004de4   0x0000000c   Code   RO         3338    i.USB_OTG_ReadHPRT0  usb_core.o
    0x08004df0   0x08004df0   0x00000006   Code   RO         3339    i.USB_OTG_ReadHostAllChannels_intr  usb_core.o
    0x08004df6   0x08004df6   0x00000020   Code   RO         3341    i.USB_OTG_ReadPacket  usb_core.o
    0x08004e16   0x08004e16   0x0000002a   Code   RO         3342    i.USB_OTG_ResetPort  usb_core.o
    0x08004e40   0x08004e40   0x000000c0   Code   RO         3343    i.USB_OTG_SelectCore  usb_core.o
    0x08004f00   0x08004f00   0x0000002a   Code   RO         3344    i.USB_OTG_SetCurrentMode  usb_core.o
    0x08004f2a   0x08004f2a   0x0000002e   Code   RO         3494    i.USB_OTG_USBH_handle_Disconnect_ISR  usb_hcd_int.o
    0x08004f58   0x08004f58   0x00000046   Code   RO         3495    i.USB_OTG_USBH_handle_IncompletePeriodicXfer_ISR  usb_hcd_int.o
    0x08004f9e   0x08004f9e   0x00000056   Code   RO         3496    i.USB_OTG_USBH_handle_hc_ISR  usb_hcd_int.o
    0x08004ff4   0x08004ff4   0x00000428   Code   RO         3497    i.USB_OTG_USBH_handle_hc_n_In_ISR  usb_hcd_int.o
    0x0800541c   0x0800541c   0x00000388   Code   RO         3498    i.USB_OTG_USBH_handle_hc_n_Out_ISR  usb_hcd_int.o
    0x080057a4   0x080057a4   0x0000012c   Code   RO         3499    i.USB_OTG_USBH_handle_nptxfempty_ISR  usb_hcd_int.o
    0x080058d0   0x080058d0   0x00000118   Code   RO         3500    i.USB_OTG_USBH_handle_port_ISR  usb_hcd_int.o
    0x080059e8   0x080059e8   0x0000012e   Code   RO         3501    i.USB_OTG_USBH_handle_ptxfempty_ISR  usb_hcd_int.o
    0x08005b16   0x08005b16   0x00000164   Code   RO         3502    i.USB_OTG_USBH_handle_rx_qlvl_ISR  usb_hcd_int.o
    0x08005c7a   0x08005c7a   0x0000001c   Code   RO         3503    i.USB_OTG_USBH_handle_sof_ISR  usb_hcd_int.o
    0x08005c96   0x08005c96   0x00000028   Code   RO         3346    i.USB_OTG_WritePacket  usb_core.o
    0x08005cbe   0x08005cbe   0x00000002   Code   RO          357    i.UsageFault_Handler  stm32f4xx_it.o
    0x08005cc0   0x08005cc0   0x000000b6   Code   RO          881    i.WavaRecorderHeaderInit  waverecorder.o
    0x08005d76   0x08005d76   0x00000002   PAD
    0x08005d78   0x08005d78   0x00000138   Code   RO          764    i.WavePlayBack      waveplayer.o
    0x08005eb0   0x08005eb0   0x00000028   Code   RO          765    i.WavePlayerInit    waveplayer.o
    0x08005ed8   0x08005ed8   0x000000c0   Code   RO          767    i.WavePlayerStart   waveplayer.o
    0x08005f98   0x08005f98   0x00000064   Code   RO          769    i.WavePlayer_CallBack  waveplayer.o
    0x08005ffc   0x08005ffc   0x00000170   Code   RO          770    i.WavePlayer_WaveParsing  waveplayer.o
    0x0800616c   0x0800616c   0x00000120   Code   RO          882    i.WaveRecorderInit  waverecorder.o
    0x0800628c   0x0800628c   0x00000030   Code   RO          883    i.WaveRecorderStart  waverecorder.o
    0x080062bc   0x080062bc   0x00000020   Code   RO          884    i.WaveRecorderStop  waverecorder.o
    0x080062dc   0x080062dc   0x00000218   Code   RO          885    i.WaveRecorderUpdate  waverecorder.o
    0x080064f4   0x080064f4   0x0000000e   Code   RO         4364    i.__scatterload_copy  mc_w.l(handlers.o)
    0x08006502   0x08006502   0x00000002   Code   RO         4365    i.__scatterload_null  mc_w.l(handlers.o)
    0x08006504   0x08006504   0x0000000e   Code   RO         4366    i.__scatterload_zeroinit  mc_w.l(handlers.o)
    0x08006512   0x08006512   0x00000002   PAD
    0x08006514   0x08006514   0x0000005c   Code   RO         4048    i.check_fs          ff.o
    0x08006570   0x08006570   0x000001f0   Code   RO         4049    i.chk_mounted       ff.o
    0x08006760   0x08006760   0x00000018   Code   RO         4050    i.clust2sect        ff.o
    0x08006778   0x08006778   0x00000096   Code   RO         4051    i.create_chain      ff.o
    0x0800680e   0x0800680e   0x00000002   PAD
    0x08006810   0x08006810   0x000000e8   Code   RO         4052    i.create_name       ff.o
    0x080068f8   0x080068f8   0x00000102   Code   RO         4053    i.dir_next          ff.o
    0x080069fa   0x080069fa   0x00000044   Code   RO         4054    i.dir_read          ff.o
    0x08006a3e   0x08006a3e   0x00000066   Code   RO         4055    i.dir_register      ff.o
    0x08006aa4   0x08006aa4   0x00000028   Code   RO         4056    i.dir_remove        ff.o
    0x08006acc   0x08006acc   0x000000a0   Code   RO         4057    i.dir_seek          ff.o
    0x08006b6c   0x08006b6c   0x00000020   Code   RO         3782    i.disk_initialize   usbh_msc_fatfs.o
    0x08006b8c   0x08006b8c   0x00000040   Code   RO         3783    i.disk_ioctl        usbh_msc_fatfs.o
    0x08006bcc   0x08006bcc   0x00000064   Code   RO         3784    i.disk_read         usbh_msc_fatfs.o
    0x08006c30   0x08006c30   0x00000010   Code   RO         3785    i.disk_status       usbh_msc_fatfs.o
    0x08006c40   0x08006c40   0x0000006c   Code   RO         3786    i.disk_write        usbh_msc_fatfs.o
    0x08006cac   0x08006cac   0x00000012   Code   RO         4059    i.f_close           ff.o
    0x08006cbe   0x08006cbe   0x00000156   Code   RO         4062    i.f_lseek           ff.o
    0x08006e14   0x08006e14   0x00000020   Code   RO         4065    i.f_mount           ff.o
    0x08006e34   0x08006e34   0x00000144   Code   RO         4066    i.f_open            ff.o
    0x08006f78   0x08006f78   0x0000004e   Code   RO         4067    i.f_opendir         ff.o
    0x08006fc6   0x08006fc6   0x00000186   Code   RO         4071    i.f_read            ff.o
    0x0800714c   0x0800714c   0x000000a4   Code   RO         4075    i.f_sync            ff.o
    0x080071f0   0x080071f0   0x00000090   Code   RO         4077    i.f_unlink          ff.o
    0x08007280   0x08007280   0x000001b6   Code   RO         4079    i.f_write           ff.o
    0x08007436   0x08007436   0x000000bc   Code   RO         4080    i.follow_path       ff.o
    0x080074f2   0x080074f2   0x000000ce   Code   RO         4081    i.get_fat           ff.o
    0x080075c0   0x080075c0   0x00000004   Code   RO         4299    i.get_fattime       fattime.o
    0x080075c4   0x080075c4   0x000000a0   Code   RO          123    i.main              main.o
    0x08007664   0x08007664   0x00000012   Code   RO         4083    i.mem_cpy           ff.o
    0x08007676   0x08007676   0x0000000e   Code   RO         4084    i.mem_set           ff.o
    0x08007684   0x08007684   0x0000006a   Code   RO         4085    i.move_window       ff.o
    0x080076ee   0x080076ee   0x00000132   Code   RO         4086    i.put_fat           ff.o
    0x08007820   0x08007820   0x00000062   Code   RO         4087    i.remove_chain      ff.o
    0x08007882   0x08007882   0x000000b8   Code   RO         4088    i.sync              ff.o
    0x0800793a   0x0800793a   0x00000020   Code   RO         4089    i.validate          ff.o
    0x0800795a   0x0800795a   0x00000002   PAD
    0x0800795c   0x0800795c   0x00000024   Data   RO          936    .constdata          stm32f4_discovery.o
    0x08007980   0x08007980   0x000000c2   Data   RO         4090    .constdata          ff.o
    0x08007a42   0x08007a42   0x00000002   PAD
    0x08007a44   0x08007a44   0x00000020   Data   RO         4362    Region$$Table       anon$$obj.o


    Execution Region RW_IRAM1 (Exec base: 0x20000000, Load base: 0x08007a64, Size: 0x000047a8, Max: 0x00020000, ABSOLUTE, COMPRESSED[0x000002b8])

    Exec Addr    Load Addr    Size         Type   Attr      Idx    E Section Name        Object

    0x20000000   COMPRESSED   0x00000004   Data   RW          125    .data               main.o
    0x20000004   COMPRESSED   0x00000008   Data   RW          358    .data               stm32f4xx_it.o
    0x2000000c   COMPRESSED   0x00000014   Data   RW          449    .data               system_stm32f4xx.o
    0x20000020   COMPRESSED   0x00000004   Data   RW          489    .data               usb_bsp.o
    0x20000024   COMPRESSED   0x00000002   Data   RW          593    .data               usbh_usr.o
    0x20000026   COMPRESSED   0x00000002   PAD
    0x20000028   COMPRESSED   0x00000048   Data   RW          594    .data               usbh_usr.o
    0x20000070   COMPRESSED   0x00000024   Data   RW          773    .data               waveplayer.o
    0x20000094   COMPRESSED   0x00000006   Data   RW          774    .data               waveplayer.o
    0x2000009a   COMPRESSED   0x00000002   PAD
    0x2000009c   COMPRESSED   0x0000002c   Data   RW          887    .data               waverecorder.o
    0x200000c8   COMPRESSED   0x00000014   Data   RW          937    .data               stm32f4_discovery.o
    0x200000dc   COMPRESSED   0x00000004   Data   RW          993    .data               stm32f4_discovery_lis302dl.o
    0x200000e0   COMPRESSED   0x00000040   Data   RW         1094    .data               stm32f4_discovery_audio_codec.o
    0x20000120   COMPRESSED   0x00000010   Data   RW         2377    .data               stm32f4xx_rcc.o
    0x20000130   COMPRESSED   0x00000001   Data   RW         3640    .data               usbh_msc_scsi.o
    0x20000131   COMPRESSED   0x00000003   PAD
    0x20000134   COMPRESSED   0x00000010   Data   RW         3701    .data               usbh_msc_bot.o
    0x20000144   COMPRESSED   0x00000002   Data   RW         3743    .data               usbh_msc_core.o
    0x20000146   COMPRESSED   0x00000002   PAD
    0x20000148   COMPRESSED   0x00000010   Data   RW         3744    .data               usbh_msc_core.o
    0x20000158   COMPRESSED   0x00000001   Data   RW         3787    .data               usbh_msc_fatfs.o
    0x20000159   COMPRESSED   0x00000003   PAD
    0x2000015c   COMPRESSED   0x00000010   Data   RW         3898    .data               usbh_core.o
    0x2000016c   COMPRESSED   0x00000008   Data   RW         4091    .data               ff.o
    0x20000174   COMPRESSED   0x00000304   Data   RW         4318    .data               libPDMFilter_Keil.lib(pdm_filter.o)
    0x20000478        -       0x00000544   Zero   RW          124    .bss                main.o
    0x200009bc        -       0x00000430   Zero   RW          588    .bss                usbh_usr.o
    0x20000dec        -       0x00000424   Zero   RW          589    .bss                usbh_usr.o
    0x20001210        -       0x00000424   Zero   RW          590    .bss                usbh_usr.o
    0x20001634        -       0x0000001c   Zero   RW          591    .bss                usbh_usr.o
    0x20001650        -       0x00001018   Zero   RW          772    .bss                waveplayer.o
    0x20002668        -       0x00001a64   Zero   RW          886    .bss                waverecorder.o
    0x200040cc        -       0x0000003c   Zero   RW         1092    .bss                stm32f4_discovery_audio_codec.o
    0x20004108        -       0x00000210   Zero   RW         3638    .bss                usbh_msc_scsi.o
    0x20004318        -       0x00000040   Zero   RW         3700    .bss                usbh_msc_bot.o
    0x20004358        -       0x0000004a   Zero   RW         3742    .bss                usbh_msc_core.o
    0x200043a2   COMPRESSED   0x00000006   PAD
    0x200043a8        -       0x00000400   Zero   RW         3311    STACK               startup_stm32f4xx.o


==============================================================================

Image component sizes


      Code (inc. data)   RO Data    RW Data    ZI Data      Debug   Object Name

         0          0          0          0          0     289808   audio_sample.o
         4          0          0          0          0        570   fattime.o
      4704         42        194          8          0      30677   ff.o
       348         42          0          4       1348     314846   main.o
       140         22          0          0          0       2537   misc.o
        36          8        392          0       1024        956   startup_stm32f4xx.o
       300         42         36         20          0       4738   stm32f4_discovery.o
      2438        206          0         64         60      17936   stm32f4_discovery_audio_codec.o
       622         30          0          4          0      11014   stm32f4_discovery_lis302dl.o
        84         14          0          0          0       2907   stm32f4xx_dac.o
       550         48          0          0          0       6844   stm32f4xx_dma.o
       156         14          0          0          0       2684   stm32f4xx_exti.o
       212          0          0          0          0       4171   stm32f4xx_gpio.o
       430         22          0          0          0       9309   stm32f4xx_i2c.o
       400         52          0          8          0       8253   stm32f4xx_it.o
       288         48          0         16          0       7278   stm32f4xx_rcc.o
       484         22          0          0          0       9134   stm32f4xx_spi.o
        48          6          0          0          0        772   stm32f4xx_syscfg.o
       326         36          0          0          0       8881   stm32f4xx_tim.o
       296         44          0         20          0       2105   system_stm32f4xx.o
       546         24          0          4          0      27812   usb_bsp.o
      1744         22          0          0          0      19853   usb_core.o
       160          0          0          0          0       5791   usb_hcd.o
      3604          0          0          0          0      11367   usb_hcd_int.o
      1498         52          0         16          0       8305   usbh_core.o
       234          0          0          0          0       4652   usbh_hcs.o
       282          0          0          0          0       5710   usbh_ioreq.o
       724         66          0         16         64       7509   usbh_msc_bot.o
       636         48          0         18         74       6737   usbh_msc_core.o
       320         46          0          1          0       6150   usbh_msc_fatfs.o
       976         76          0          1        528      16396   usbh_msc_scsi.o
       676          0          0          0          0       8867   usbh_stdreq.o
       318         58          0         74       3220      24373   usbh_usr.o
      1436        182          0         42       4120      10718   waveplayer.o
      1166        118          0         44       6756       6821   waverecorder.o

    ----------------------------------------------------------------------
     26224       1390        656        372      17200     906481   Object Totals
         0          0         32          0          0          0   (incl. Generated)
        38          0          2         12          6          0   (incl. Padding)

    ----------------------------------------------------------------------

      Code (inc. data)   RO Data    RW Data    ZI Data      Debug   Library Member Name

      3068         54          0        772          0        268   pdm_filter.o
        86          0          0          0          0          0   __dczerorl2.o
         0          0          0          0          0          0   entry.o
         0          0          0          0          0          0   entry10a.o
         0          0          0          0          0          0   entry11a.o
         8          4          0          0          0          0   entry2.o
         4          0          0          0          0          0   entry5.o
         0          0          0          0          0          0   entry7b.o
         0          0          0          0          0          0   entry8b.o
         8          4          0          0          0          0   entry9a.o
        30          0          0          0          0          0   handlers.o
        36          8          0          0          0         68   init.o
         0          0          0          0          0          0   iusefp.o
        30          0          0          0          0         68   llshl.o
        36          0          0          0          0         68   llsshr.o
        32          0          0          0          0         68   llushr.o
       334          0          0          0          0        148   dadd.o
       222          0          0          0          0        100   ddiv.o
       186          0          0          0          0        176   depilogue.o
        50          0          0          0          0         76   dfixui.o
        26          0          0          0          0         76   dfltui.o
       228          0          0          0          0         96   dmul.o
        38          0          0          0          0         68   f2d.o
        24          0          0          0          0         68   fscalb.o

    ----------------------------------------------------------------------
      4452         70          0        772          0       1348   Library Totals
         6          0          0          0          0          0   (incl. Padding)

    ----------------------------------------------------------------------

      Code (inc. data)   RO Data    RW Data    ZI Data      Debug   Library Name

      3068         54          0        772          0        268   libPDMFilter_Keil.lib
       270         16          0          0          0        272   mc_w.l
      1108          0          0          0          0        808   mf_w.l

    ----------------------------------------------------------------------
      4452         70          0        772          0       1348   Library Totals

    ----------------------------------------------------------------------

==============================================================================


      Code (inc. data)   RO Data    RW Data    ZI Data      Debug   

     30676       1460        656       1144      17200     893241   Grand Totals
     30676       1460        656        696      17200     893241   ELF Image Totals (compressed)
     30676       1460        656        696          0          0   ROM Totals

==============================================================================

    Total RO  Size (Code + RO Data)                31332 (  30.60kB)
    Total RW  Size (RW Data + ZI Data)             18344 (  17.91kB)
    Total ROM Size (Code + RO Data + RW Data)      32028 (  31.28kB)

==============================================================================

